This batch will loop on batch file '../sclsvrTestBatch.config'.
Output directory for results 'results'
'results' directory has been created.
sclsvrServer -noDate -noFileLine -v 3 GETCAL "-minMagRange 10 -mag 11.3 -objectName HD_26933 -wlen 2.2 -band K -bright false -baseMax 102.45 -ra 05:18:19.27 -file HD_26933.vot -dec -69:11:40.60 -maxMagRange 12  " > "results/HD_26933.out" 2> "results/HD_26933.err"
sclsvrServer -noDate -noFileLine -v 3 GETCAL "-minMagRange 5 -mag 6.2 -objectName S_Cra -wlen 2.2 -band K -bright false -baseMax 102.45 -ra 19:01:08.60 -file S_Cra.vot -dec -36:57:19.90 -maxMagRange 8  " > "results/S_Cra.out" 2> "results/S_Cra.err"
sclsvrServer -noDate -noFileLine -v 3 GETCAL "-diffDec 600 -minMagRange 5 -mag 4.65 -objectName FU_Ori -diffRa 1800 -wlen 2.2 -band K -bright false -baseMax 102.45 -maxMagRange 8 -file FU_Ori.vot -dec +09:04:12.00 -ra 05:45:22.60  " > "results/FU_Ori.out" 2> "results/FU_Ori.err"
sclsvrServer -noDate -noFileLine -v 3 GETCAL "-minMagRange 5 -mag 7.4 -objectName V615_Ori -wlen 2.2 -band K -bright false -baseMax 102.45 -ra 05:41:24.30 -file V615_Ori.vot -dec -02:22:38.90 -maxMagRange 10  " > "results/V615_Ori.out" 2> "results/V615_Ori.err"
sclsvrServer -noDate -noFileLine -v 3 GETCAL "-minMagRange 5 -mag 5.0 -objectName HD_144007 -wlen 2.2 -band K -bright false -baseMax 102.45 -ra 16:05:15.26 -file HD_144007.vot -dec -40:19:10.34 -maxMagRange 8  " > "results/HD_144007.out" 2> "results/HD_144007.err"
sclsvrServer -noDate -noFileLine -v 3 GETCAL "-diffDec 600 -minMagRange 1 -mag 2.12 -objectName zet_Gem -diffRa 1800 -wlen 2.2 -band K -baseMax 102.45 -maxMagRange 3 -file zet_Gem.vot -dec 20:34:13.069 -ra 07:04:06.5318  " > "results/zet_Gem.out" 2> "results/zet_Gem.err"
sclsvrServer -noDate -noFileLine -v 3 GETCAL "-minMagRange 5 -mag 4.0 -objectName Elia_2-64 -wlen 2.2 -band K -bright false -baseMax 102.45 -ra 16:23:14.40 -file Elia_2-64.vot -dec -24:39:24.00 -maxMagRange 8  " > "results/Elia_2-64.out" 2> "results/Elia_2-64.err"
sclsvrServer -noDate -noFileLine -v 3 GETCAL "-minMagRange 5 -mag 1.7 -objectName U_Mus -wlen 2.2 -band K -bright false -baseMax 102.45 -ra 13:24:59.40 -file U_Mus.vot -dec -64:39:51.00 -maxMagRange 8  " > "results/U_Mus.out" 2> "results/U_Mus.err"
sclsvrServer -noDate -noFileLine -v 3 GETCAL "-diffDec 1200 -minMagRange -2 -mag -2.1 -objectName pi01_Gru -diffRa 3600 -wlen 2.2 -band K -baseMax 102.45 -maxMagRange 2 -file pi01_Gru.vot -dec -45:56:52.598 -ra 22:22:44.205  " > "results/pi01_Gru.out" 2> "results/pi01_Gru.err"
sclsvrServer -noDate -noFileLine -v 3 GETCAL "-minMagRange 5 -mag 8.2 -objectName HD_111688 -wlen 2.2 -band K -bright false -baseMax 102.45 -ra 12:51:58.53 -file HD_111688.vot -dec -63:08:31.90 -maxMagRange 12  " > "results/HD_111688.out" 2> "results/HD_111688.err"
sclsvrServer -noDate -noFileLine -v 3 GETCAL "-diffDec 600 -minMagRange 1 -mag 0.8 -objectName W_Aql -diffRa 3600 -wlen 2.2 -band K -baseMax 102.45 -maxMagRange 2 -file W_Aql.vot -dec -07:02:49.901 -ra 19:15:23.440  " > "results/W_Aql.out" 2> "results/W_Aql.err"
sclsvrServer -noDate -noFileLine -v 3 GETCAL "-diffDec 1200 -minMagRange 5 -mag 2.1 -objectName HD_103945 -diffRa 3600 -wlen 2.2 -band K -bright false -baseMax 102.45 -ra 11:58:13.93 -file HD_103945.vot -dec +03:28:55.20 -maxMagRange 8  " > "results/HD_103945.out" 2> "results/HD_103945.err"
sclsvrServer -noDate -noFileLine -v 3 GETCAL "-minMagRange 5 -mag 5.0 -objectName HD_33793 -wlen 2.2 -band K -bright false -baseMax 102.45 -ra 05:11:40.58 -file HD_33793.vot -dec -45:01:06.25 -maxMagRange 8  " > "results/HD_33793.out" 2> "results/HD_33793.err"
sclsvrServer -noDate -noFileLine -v 3 GETCAL "-minMagRange 10 -mag 12.9 -objectName AzV_266 -wlen 2.2 -band K -bright false -baseMax 102.45 -ra 01:01:09.42 -file AzV_266.vot -dec -72:27:28.40 -maxMagRange 13  " > "results/AzV_266.out" 2> "results/AzV_266.err"
sclsvrServer -noDate -noFileLine -v 3 GETCAL "-minMagRange 5 -mag 7.3 -objectName TW_Hya -wlen 2.2 -band K -bright false -baseMax 102.45 -ra 11:01:51.90 -file TW_Hya.vot -dec -34:42:17.00 -maxMagRange 8  " > "results/TW_Hya.out" 2> "results/TW_Hya.err"
sclsvrServer -noDate -noFileLine -v 3 GETCAL "-diffDec 600 -minMagRange 2 -mag 2.96 -objectName ETA_TAU -diffRa 1800 -wlen 2.2 -band K -baseMax 102.45 -maxMagRange 4 -file ETA_TAU.vot -dec 24:06:18.494 -ra 03:47:29.076  " > "results/ETA_TAU.out" 2> "results/ETA_TAU.err"
sclsvrServer -noDate -noFileLine -v 3 GETCAL "-minMagRange 8 -mag 10.8 -objectName HD_5980 -wlen 2.2 -band K -bright false -baseMax 102.45 -ra 00:59:26.50 -file HD_5980.vot -dec -72:09:53.90 -maxMagRange 12  " > "results/HD_5980.out" 2> "results/HD_5980.err"
sclsvrServer -noDate -noFileLine -v 3 GETCAL "-diffDec 1200 -minMagRange 2 -mag 2.427 -objectName del_Sco -diffRa 3600 -wlen 2.2 -band K -baseMax 102.45 -maxMagRange 3 -file del_Sco.vot -dec -22:37:18.156 -ra 16:00:20.0063  " > "results/del_Sco.out" 2> "results/del_Sco.err"
sclsvrServer -noDate -noFileLine -v 3 GETCAL "-diffDec 1200 -minMagRange -1 -mag -1.26 -objectName del_Oph -diffRa 3600 -wlen 2.2 -band K -baseMax 102.45 -maxMagRange 2 -file del_Oph.vot -dec -03:41:39.564 -ra 16:14:20.740  " > "results/del_Oph.out" 2> "results/del_Oph.err"
sclsvrServer -noDate -noFileLine -v 3 GETCAL "-diffDec 1200 -minMagRange 5 -mag 7.4 -objectName BD+23_492 -diffRa 3600 -wlen 2.2 -band K -bright false -baseMax 102.45 -ra 03:42:45.95 -file BD+23_492.vot -dec +24:16:16.50 -maxMagRange 8  " > "results/BD+23_492.out" 2> "results/BD+23_492.err"
sclsvrServer -noDate -noFileLine -v 3 GETCAL "-minMagRange 5 -mag 1.8 -objectName NGC_1068 -wlen 2.2 -band K -bright false -baseMax 102.45 -ra 02:42:40.83 -file NGC_1068.vot -dec -00:00:48.40 -maxMagRange 8  " > "results/NGC_1068.out" 2> "results/NGC_1068.err"
sclsvrServer -noDate -noFileLine -v 3 GETCAL "-diffDec 1200 -minMagRange 0.5 -mag 0.83 -objectName alf_PsA -diffRa 3600 -wlen 2.2 -band K -baseMax 102.45 -maxMagRange 2 -file alf_PsA.vot -dec -29:37:20.050 -ra 22:57:39.047  " > "results/alf_PsA.out" 2> "results/alf_PsA.err"
sclsvrServer -noDate -noFileLine -v 3 GETCAL "-diffDec 600 -minMagRange 1 -mag 1.83 -objectName bet_Dor -diffRa 3600 -wlen 2.2 -band K -baseMax 102.45 -maxMagRange 3 -file bet_Dor.vot -dec -62:29:23.371 -ra 05:33:37.518  " > "results/bet_Dor.out" 2> "results/bet_Dor.err"
sclsvrServer -noDate -noFileLine -v 3 GETCAL "-diffDec 1200 -minMagRange 1 -mag 0.96 -objectName Bet_Cap -diffRa 3600 -wlen 2.2 -band K -baseMax 102.45 -maxMagRange 2 -file Bet_Cap.vot -dec -14:46:52.922 -ra 20:21:00.6757  " > "results/Bet_Cap.out" 2> "results/Bet_Cap.err"
sclsvrServer -noDate -noFileLine -v 3 GETCAL "-diffDec 1200 -minMagRange -1 -mag -1.17 -objectName tau04_Eri -diffRa 3600 -wlen 2.2 -band K -baseMax 102.45 -maxMagRange 2 -file tau04_Eri.vot -dec -21:45:28.310 -ra 03:19:31.002  " > "results/tau04_Eri.out" 2> "results/tau04_Eri.err"
sclsvrServer -noDate -noFileLine -v 3 GETCAL "-diffDec 1200 -minMagRange 1.5 -mag 1.73 -objectName eps_Sgr -diffRa 3600 -wlen 2.2 -band K -baseMax 102.45 -maxMagRange 2.5 -file eps_Sgr.vot -dec -34:23:04.6180 -ra 18:24:10.318  " > "results/eps_Sgr.out" 2> "results/eps_Sgr.err"
sclsvrServer -noDate -noFileLine -v 3 GETCAL "-minMagRange 5.5 -mag 6.5 -objectName l_Car -wlen 2.2 -band K -bright false -baseMax 130.2306 -ra 09:45:14.811 -file l_Car.vot -dec -62:30:28.451 -maxMagRange 7.5  " > "results/l_Car.out" 2> "results/l_Car.err"
