Info  - 2018-06-18T11:36:30.786167 - alxAngularDiameter.c:111 - Loading /home/users/mellag/MCSTOP/DEVELOPMENT/config/alxAngDiamPolynomial.cfg ...
Info  - 2018-06-18T11:36:30.786343 - alxAngularDiameter.c:212 - Loading /home/users/mellag/MCSTOP/DEVELOPMENT/config/alxAngDiamPolynomialCovariance.cfg ...
Info  - 2018-06-18T11:36:30.786525 - alxMissingMagnitude.c:413 - Loading /home/users/mellag/MCSTOP/DEVELOPMENT/config/alxColorTableForSuperGiantStar.cfg ...
Info  - 2018-06-18T11:36:30.787296 - alxMissingMagnitude.c:413 - Loading /home/users/mellag/MCSTOP/DEVELOPMENT/config/alxColorTableForGiantStar.cfg ...
Info  - 2018-06-18T11:36:30.788057 - alxMissingMagnitude.c:413 - Loading /home/users/mellag/MCSTOP/DEVELOPMENT/config/alxColorTableForDwarfStar.cfg ...
Info  - 2018-06-18T11:36:30.788803 - alxMissingMagnitude.c:2166 - Loading /home/users/mellag/MCSTOP/DEVELOPMENT/config/alxAkariBlackBodyCorrectionTable.cfg ...
Info  - 2018-06-18T11:36:30.788961 - alxMissingMagnitude.c:2433 - Loading /home/users/mellag/MCSTOP/DEVELOPMENT/config/alxTableTeffLogg.cfg ...
Info  - 2018-06-18T11:36:30.789138 - alxInterstellarAbsorption.c:200 - Loading /home/users/mellag/MCSTOP/DEVELOPMENT/config/alxExtinctionRatioTable.cfg ...
Info  - 2018-06-18T11:36:30.789186 - alxInterstellarAbsorption.c:94 - Loading /home/users/mellag/MCSTOP/DEVELOPMENT/config/alxIntAbsPolynomial.cfg ...
Info  - 2018-06-18T11:36:30.789276 - alxResearchArea.c:102 - Loading /home/users/mellag/MCSTOP/DEVELOPMENT/config/alxStarPopulationInKBand.cfg ...
Info  - 2018-06-18T11:36:30.789622 - alxLD2UD.c:88 - Loading /home/users/mellag/MCSTOP/DEVELOPMENT/config/alxTableUDCoefficientCorrection.cfg ...
Info  - 2018-06-18T11:36:30.790920 - alxLD2UD.c:203 - Loading /home/users/mellag/MCSTOP/DEVELOPMENT/config/alxNewTableUDCoefficientCorrection.cfg ...
Info  - 2018-06-18T11:36:30.793631 - alxSedFitting.c:279 - Loading /home/users/mellag/MCSTOP/DEVELOPMENT/config/alxSedModel.cfg ...
Info  - 2018-06-18T11:36:31.143474 - vobsSTAR.cpp:1273 - vobsSTAR has defined 51 properties.
Info  - 2018-06-18T11:36:31.143837 - vobsSTAR.cpp:1347 - Saving property index XML description: /home/users/mellag/MCSTOP/data/tmp/PropertyIndex_vobsSTAR.xml
Info  - 2018-06-18T11:36:31.143989 - sclsvrCALIBRATOR.cpp:2210 - sclsvrCALIBRATOR has defined 92 properties.
Info  - 2018-06-18T11:36:31.144447 - sclsvrCALIBRATOR.cpp:2275 - Saving property index XML description: /home/users/mellag/MCSTOP/data/tmp/PropertyIndex_sclsvrCALIBRATOR.xml
Quiet - 2018-06-18T11:36:31.144573 - vobsREMOTE_CATALOG.cpp:200 - Catalogs will get VIZIER data from 'http://vizier.u-strasbg.fr/viz-bin/asu-xml?'
Quiet - 2018-06-18T11:36:31.144585 - vobsREMOTE_CATALOG.cpp:239 - vobsDevFlag: false
Info  - 2018-06-18T11:36:31.144591 - alxAngularDiameter.c:63 - alxDevFlag: false
Info  - 2018-06-18T11:36:31.145293 - vobsCATALOG.cpp:439 - Saving catalog meta XML description: /home/users/mellag/MCSTOP/data/tmp/CatalogMeta.xml
Info  - 2018-06-18T11:36:31.145592 - vobsSCENARIO.cpp:133 - Saving scenario XML description: /home/users/mellag/MCSTOP/data/tmp/Scenario_SINGLE_STAR.xml
Info  - 2018-06-18T11:36:31.145741 - vobsSCENARIO.cpp:133 - Saving scenario XML description: /home/users/mellag/MCSTOP/data/tmp/Scenario_BRIGHT_K.xml
Info  - 2018-06-18T11:36:31.145862 - vobsSCENARIO.cpp:133 - Saving scenario XML description: /home/users/mellag/MCSTOP/data/tmp/Scenario_BRIGHT_V.xml
Info  - 2018-06-18T11:36:31.145982 - vobsSCENARIO.cpp:133 - Saving scenario XML description: /home/users/mellag/MCSTOP/data/tmp/Scenario_JSDC_BRIGHT.xml
Info  - 2018-06-18T11:36:31.146066 - vobsSCENARIO.cpp:133 - Saving scenario XML description: /home/users/mellag/MCSTOP/data/tmp/Scenario_JSDC_FAINT.xml
Info  - 2018-06-18T11:36:31.146122 - vobsSCENARIO.cpp:133 - Saving scenario XML description: /home/users/mellag/MCSTOP/data/tmp/Scenario_JSDC_QUERY.xml
Info  - 2018-06-18T11:36:31.146214 - vobsSCENARIO.cpp:133 - Saving scenario XML description: /home/users/mellag/MCSTOP/data/tmp/Scenario_FAINT_K.xml
Test  - Sky coordinates: RA=15.3 - DEC=-72.5 deg
Test  - Magnitude range=10.0..13.0
Test  - RA/DEC= 0.266848 / -1.264629 rad GLat/GLon= -44.653 / 301.901 deg
Test  - Magnitude [10.0 - 13.0], range used => [10.0 - 13.0]
Test  - Number of estimated stars into 1 degree solid angle circle=631
Test  - Nb of star for this sky area=631
Test  - Sky research area size=0.06 deg
Test  - Sky research radius=8.44 arcmin
Test  - Sky research radius=8.44 arcmin
Info  - Scenario[UNDEF] Execute() start
Test  - Execute: Step 1 - inputList[NONE] action[CLEAR_MERGE]
Test  - Execute: Step 1 - Querying II/246/out [2MASS] ...
Test  - Search: Cone search area=9 arcmin
Test  - Search: Magnitude K range=10.00..13.00
Test  - Get XML document [0] from 'http://vizier.u-strasbg.fr/viz-bin/asu-xml?' with POST data: -source=II/246/out&-out.meta=hudU1&-oc.form=sexa&-c.eq=J2000&-out.add=_RAJ2000&-out.add=_DEJ2000&-oc=hms&-out.max=1000&-sort=_r&-c=015.289250-72.457889&-c.rm=9&Kmag=10.00..13.00&-out=2MASS&-out=JD&-out=opt&-out=Qflg&-out=Jmag&-out=e_Jmag&-out=Hmag&-out=e_Hmag&-out=Kmag&-out=e_Kmag
Test  - Parsing XML document (21152 bytes)
Test  - Extracting data from CDATA section (150 rows)
Test  - Extract: Property / Parameter mapping for catalog 'II/246/out':
Test  - Extract: Property 'RAJ2000' [POS_EQ_RA_MAIN] found for parameter '_RAJ2000' (UCD='POS_EQ_RA_MAIN')
Test  - Extract: Property 'DEJ2000' [POS_EQ_DEC_MAIN] found for parameter '_DEJ2000' (UCD='POS_EQ_DEC_MAIN')
Test  - Extract: Property '2MASS' [ID_2MASS] found for parameter '2MASS' (UCD='ID_MAIN')
Test  - Extract: Property 'jd' [TIME_DATE] found for parameter 'JD' (UCD='TIME_DATE')
Test  - Extract: Property 'opt' [ID_CATALOG] found for parameter 'opt' (UCD='ID_CATALOG')
Test  - Extract: Property 'Qflag' [CODE_QUALITY] found for parameter 'Qflg' (UCD='CODE_QUALITY')
Test  - Extract: Property 'J' [PHOT_JHN_J] found for parameter 'Jmag' (UCD='PHOT_JHN_J')
Test  - Extract: Property 'e_J' [PHOT_JHN_J_ERROR] found for parameter 'e_Jmag' (UCD='ERROR')
Test  - Extract: Property 'H' [PHOT_JHN_H] found for parameter 'Hmag' (UCD='PHOT_JHN_H')
Test  - Extract: Property 'e_H' [PHOT_JHN_H_ERROR] found for parameter 'e_Hmag' (UCD='ERROR')
Test  - Extract: Property 'K' [PHOT_JHN_K] found for parameter 'Kmag' (UCD='PHOT_JHN_K')
Test  - Extract: Property 'e_K' [PHOT_JHN_K_ERROR] found for parameter 'e_Kmag' (UCD='ERROR')
Info  - ProcessList_MASS: list Size=150
Test  - Star '2MASS 01014259-7229072' clear property PHOT_JHN_K (bad quality='U')
Test  - Star '2MASS 01020347-7226057' clear property PHOT_JHN_H (bad quality='U')
Test  - Star '2MASS 01020347-7226057' clear property PHOT_JHN_K (bad quality='U')
Test  - Star '2MASS 01000949-7234042' clear property PHOT_JHN_H (bad quality='U')
Test  - Star '2MASS 01000949-7234042' clear property PHOT_JHN_K (bad quality='U')
Test  - Execute: Step 1 - number of returned stars=150
Test  - FilterDuplicates: list [0 stars] with criteria - input list [150 stars]
Test  - FilterDuplicates: Criteria 1 on property[POS_EQ_RA_MAIN] with range = 0.000694444
Test  - FilterDuplicates: Criteria 2 on property[POS_EQ_DEC_MAIN] with range = 0.000694444
Test  - FilterDuplicates: filter search radius=5.0 arcsec
Warn  - Compare Properties[1]: COMMON(2) {ID_CATALOG = 'U' TIME_DATE = '2.45103e+06' } - LEFT(7) {ID_2MASS = '01014175-7229048' POS_EQ_RA_MAIN = '01 01 41.75832' POS_EQ_DEC_MAIN = '-72 29 04.8228' PHOT_JHN_J = '13.173' PHOT_JHN_H = '12.282' PHOT_JHN_K = '12.111' CODE_QUALITY = 'AAA' } - RIGHT(6) {ID_2MASS = '01014259-7229072' POS_EQ_RA_MAIN = '01 01 42.59184' POS_EQ_DEC_MAIN = '-72 29 07.2672' PHOT_JHN_J = '15.803' PHOT_JHN_H = '15.153' CODE_QUALITY = 'AAU' }
Warn  - FilterDuplicates: separation = 4.487051459 arcsec
Test  - FilterDuplicates: done: 149 unique stars / 1 duplicates found : 1 different stars.
Test  - FilterDuplicates: 2 duplicated stars
Test  - FilterDuplicates: detected star '2MASS J01014175-7229048' (015.423993 -72.484673)
Test  - FilterDuplicates: detected star '2MASS J01014259-7229072' (015.427466 -72.485352)
Test  - Execute: Step 1 - outputList[Check]
Test  - Execute: Step 1 - Performing action[CLEAR_MERGE] with 150 stars
Test  - Execute: Step 1 - CLEAR outputList[Check]
Test  - Merge: list [Check][0 stars] with criteria << input list [Temporary_1][150 stars]
Test  - Merge: Criteria 1 on property[POS_EQ_RA_MAIN] with range = 0.000694444
Test  - Merge: Criteria 2 on property[POS_EQ_DEC_MAIN] with range = 0.000694444
Test  - Merge:  work list [Check] catalog id: 'NO CATALOG'
Test  - Merge: input list [Temporary_1] catalog id: 'II/246/out'
Test  - Merge: crossmatch [CLOSEST_ALL_STARS]
Test  - Merge:  work list [Check] catalog id: 'II/246/out'
Test  - Merge: done: 150 stars added / 0 found / 0 updated / 0 skipped (0 skipped targetId).
Test  - Execute: Step 1 - after action[CLEAR_MERGE]: 150 stars
Test  - Execute: resultList[Primary]
Info  - Scenario[UNDEF] Execute() done: 150 star(s) found.
Test  - Scenario[UNDEF] Property usage by catalogs
Test  - Property 'CODE_QUALITY' [Qflag]: II/246/out	
Test  - Property 'ID_2MASS' [2MASS]: II/246/out	
Test  - Property 'ID_CATALOG' [opt]: II/246/out	
Test  - Property 'PHOT_JHN_H' [H]: II/246/out	
Test  - Property 'PHOT_JHN_H_ERROR' [e_H]: II/246/out	
Test  - Property 'PHOT_JHN_J' [J]: II/246/out	
Test  - Property 'PHOT_JHN_J_ERROR' [e_J]: II/246/out	
Test  - Property 'PHOT_JHN_K' [K]: II/246/out	
Test  - Property 'PHOT_JHN_K_ERROR' [e_K]: II/246/out	
Test  - Property 'POS_EQ_DEC_MAIN' [DEJ2000]: II/246/out	
Test  - Property 'POS_EQ_RA_MAIN' [RAJ2000]: II/246/out	
Test  - Property 'TIME_DATE' [jd]: II/246/out	
Test  - Search: start
Info  - Scenario[FAINT_K] Execute() start
Test  - Execute: Step 1 - inputList[Primary] action[CLEAR_MERGE]
Test  - Execute: Step 1 - outputList[S1]
Test  - Execute: Step 1 - Performing action[CLEAR_MERGE] with 150 stars
Test  - Execute: Step 1 - CLEAR outputList[S1]
Test  - Merge: list [S1][0 stars] with criteria << input list [Temporary_1][150 stars]
Test  - Merge: Criteria 1 on property[POS_EQ_RA_MAIN] with range = 0.000416667
Test  - Merge: Criteria 2 on property[POS_EQ_DEC_MAIN] with range = 0.000416667
Test  - Merge:  work list [S1] catalog id: 'NO CATALOG'
Test  - Merge: input list [Temporary_1] catalog id: 'II/246/out'
Test  - Merge: crossmatch [CLOSEST_ALL_STARS]
Test  - Merge:  work list [S1] catalog id: 'II/246/out'
Test  - Merge: done: 150 stars added / 0 found / 0 updated / 0 skipped (0 skipped targetId).
Test  - Execute: Step 1 - after action[CLEAR_MERGE]: 150 stars
Test  - Execute: Step 1 - apply FILTER[Opt = T filter]
Test  - Execute: Step 1 - after FILTER[Opt = T filter]: 1 stars
Test  - Execute: Step 2 - inputList[S1] action[UPDATE_ONLY]
Test  - Execute: Step 2 - Querying I/280 [ASCC] ...
Test  - Execute: Step 2 - optimized cone search radius=1.5 arcsec
Test  - Search: input list [Temporary_1] catalog id: 'II/246/out'
Test  - Search: catalog id: 'I/280'
Test  - Search: Cone search area=16.3 arcsec
Test  - Get XML document [0] from 'http://vizier.u-strasbg.fr/viz-bin/asu-xml?' with POST data: -source=I/280&-out.meta=hudU1&-oc.form=sexa&-c.eq=J2000&-out.add=_RAJ2000&-out.add=_DEJ2000&-oc=hms&-out.max=1000&-sort=_r&-c.rs=16.3&-out.add=_1&-file=-c&-out=e_RAJ2000&-out=e_DEJ2000&-out=HIP&-out=HD&-out=DM&-out=TYC1&-out=TYC2&-out=TYC3&-out=pmRA&-out=e_pmRA&-out=pmDE&-out=e_pmDE&-out=SpType&-out=Bmag&-out=e_Bmag&-out=Vmag&-out=e_Vmag&-out=v1&-out=v2&-out=v3&-out=d5&-out.form=List&-c=%3C%3C%3D%3D%3D%3DLIST&015.315233-72.543571&%3D%3D%3D%3DLIST
Test  - Parsing XML document (7557 bytes)
Test  - Extracting data from CDATA section (1 rows)
Test  - Extract: Property / Parameter mapping for catalog 'I/280':
Test  - Extract: Property 'TARGET_ID' [ID_TARGET] found for parameter '_1' (UCD='ID_TARGET')
Test  - Extract: Property 'RAJ2000' [POS_EQ_RA_MAIN] found for parameter '_RAJ2000' (UCD='POS_EQ_RA_MAIN')
Test  - Extract: Property 'DEJ2000' [POS_EQ_DEC_MAIN] found for parameter '_DEJ2000' (UCD='POS_EQ_DEC_MAIN')
Test  - Extract: Property 'e_RAJ2000' [POS_EQ_RA_ERROR] found for parameter 'e_RAJ2000' (UCD='ERROR')
Test  - Extract: Property 'e_DEJ2000' [POS_EQ_DEC_ERROR] found for parameter 'e_DEJ2000' (UCD='ERROR')
Test  - Extract: Property 'HIP' [ID_HIP] found for parameter 'HIP' (UCD='ID_ALTERNATIVE')
Test  - Extract: Property 'HD' [ID_HD] found for parameter 'HD' (UCD='ID_ALTERNATIVE')
Test  - Extract: Property 'DM' [ID_DM] found for parameter 'DM' (UCD='ID_ALTERNATIVE')
Test  - Extract: Property 'TYC1' [ID_TYC1] found for parameter 'TYC1' (UCD='ID_ALTERNATIVE')
Test  - Extract: Property 'TYC2' [ID_TYC2] found for parameter 'TYC2' (UCD='ID_ALTERNATIVE')
Test  - Extract: Property 'TYC3' [ID_TYC3] found for parameter 'TYC3' (UCD='ID_ALTERNATIVE')
Test  - Extract: Property 'pmRa' [POS_EQ_PMRA] found for parameter 'pmRA' (UCD='POS_EQ_PMRA')
Test  - Extract: Property 'e_pmRa' [POS_EQ_PMRA_ERROR] found for parameter 'e_pmRA' (UCD='ERROR')
Test  - Extract: Property 'pmDec' [POS_EQ_PMDEC] found for parameter 'pmDE' (UCD='POS_EQ_PMDEC')
Test  - Extract: Property 'e_pmDec' [POS_EQ_PMDEC_ERROR] found for parameter 'e_pmDE' (UCD='ERROR')
Test  - Extract: Property 'SpType' [SPECT_TYPE_MK] found for parameter 'SpType' (UCD='SPECT_TYPE_MK')
Test  - Extract: Property 'B' [PHOT_JHN_B] found for parameter 'Bmag' (UCD='PHOT_JHN_B')
Test  - Extract: Property 'e_B' [PHOT_JHN_B_ERROR] found for parameter 'e_Bmag' (UCD='ERROR')
Test  - Extract: Property 'V' [PHOT_JHN_V] found for parameter 'Vmag' (UCD='PHOT_JHN_V')
Test  - Extract: Property 'e_V' [PHOT_JHN_V_ERROR] found for parameter 'e_Vmag' (UCD='ERROR')
Test  - Extract: Property 'VarFlag1' [CODE_VARIAB_V1] found for parameter 'v1' (UCD='CODE_VARIAB')
Test  - Extract: Property 'VarFlag2' [CODE_VARIAB_V2] found for parameter 'v2' (UCD='CODE_VARIAB')
Test  - Extract: Property 'VarFlag3' [VAR_CLASS] found for parameter 'v3' (UCD='VAR_CLASS')
Test  - Extract: Property 'MultFlag' [CODE_MULT_FLAG] found for parameter 'd5' (UCD='CODE_MULT_FLAG')
Test  - Execute: Step 2 - number of returned stars=1
Test  - Execute: Step 2 - outputList[S1]
Test  - Execute: Step 2 - Performing action[UPDATE_ONLY] with 1 stars
Test  - Merge: list [S1][1 stars] with criteria << input list [Temporary_1][1 stars]
Test  - Merge: Criteria 1 on property[POS_EQ_RA_MAIN] with range = 0.000416667
Test  - Merge: Criteria 2 on property[POS_EQ_DEC_MAIN] with range = 0.000416667
Test  - Merge:  work list [S1] catalog id: 'II/246/out'
Test  - Merge: input list [Temporary_1] catalog id: 'I/280'
Test  - Merge: crossmatch [CLOSEST_REF_STAR]
Test  - Merge: precess reference star with candidate stars
Test  - Merge: precess using JD in epoch range [1997.430 2001.130]
Test  - Merge:  work list [S1] catalog id: 'MIXED CATALOG'
Test  - Merge: done: 0 stars added / 1 found / 1 updated / 0 skipped (0 skipped targetId).
Test  - Merge: Property 'TYC1' [ID_TYC1] updated 1 times
Test  - Merge: Property 'TYC2' [ID_TYC2] updated 1 times
Test  - Merge: Property 'TYC3' [ID_TYC3] updated 1 times
Test  - Merge: Property 'RAJ2000' [POS_EQ_RA_MAIN] updated 1 times
Test  - Merge: Property 'DEJ2000' [POS_EQ_DEC_MAIN] updated 1 times
Test  - Merge: Property 'pmRa' [POS_EQ_PMRA] updated 1 times
Test  - Merge: Property 'pmDec' [POS_EQ_PMDEC] updated 1 times
Test  - Merge: Property 'B' [PHOT_JHN_B] updated 1 times
Test  - Merge: Property 'V' [PHOT_JHN_V] updated 1 times
Test  - Execute: Step 2 - after action[UPDATE_ONLY]: 1 stars
Test  - Execute: Step 3 - inputList[S1] action[UPDATE_ONLY]
Test  - Execute: Step 3 - Querying I/311/hip2 [HIP2] ...
Test  - Execute: Step 3 - optimized cone search radius=1.5 arcsec
Test  - Search: input list [Temporary_1] catalog id: 'MIXED CATALOG'
Test  - Search: catalog id: 'I/311/hip2'
Test  - Search: Cone search area=1.6 arcsec
Test  - Get XML document [0] from 'http://vizier.u-strasbg.fr/viz-bin/asu-xml?' with POST data: -source=I/311/hip2&-out.meta=hudU1&-oc.form=sexa&-c.eq=J2000&-out.add=_RAJ2000&-out.add=_DEJ2000&-oc=hms&-out.max=1000&-sort=_r&-c.rs=1.6&-out.add=_1&-file=-c&-out=HIP&-out=e_RArad&-out=e_DErad&-out=pmRA&-out=e_pmRA&-out=pmDE&-out=e_pmDE&-out=Plx&-out=e_Plx&-out.form=List&-c=%3C%3C%3D%3D%3D%3DLIST&015.315197-72.543568&%3D%3D%3D%3DLIST
Test  - Parsing XML document (4240 bytes)
Test  - No CDATA section in XML document.
Test  - Execute: Step 3 - number of returned stars=0
Test  - Execute: Step 3 - outputList[S1]
Test  - Execute: Step 3 - Performing action[UPDATE_ONLY] with 0 stars
Test  - Execute: Step 3 - after action[UPDATE_ONLY]: 1 stars
Test  - Execute: Step 4 - inputList[S1] action[UPDATE_ONLY]
Test  - Execute: Step 4 - Querying I/239/hip_main [HIP1] ...
Test  - Execute: Step 4 - optimized cone search radius=1.5 arcsec
Test  - Search: input list [Temporary_1] catalog id: 'MIXED CATALOG'
Test  - Search: catalog id: 'I/239/hip_main'
Test  - Search: Cone search area=1.6 arcsec
Test  - Get XML document [0] from 'http://vizier.u-strasbg.fr/viz-bin/asu-xml?' with POST data: -source=I/239/hip_main&-out.meta=hudU1&-oc.form=sexa&-c.eq=J2000&-out.add=_RAJ2000&-out.add=_DEJ2000&-oc=hms&-out.max=1000&-sort=_r&-c.rs=1.6&-out.add=_1&-file=-c&-out=HIP&-out=Vmag&-out=e_VTmag&-out=B-V&-out=e_B-V&-out=V-I&-out=e_V-I&-out=r_V-I&-out.form=List&-c=%3C%3C%3D%3D%3D%3DLIST&015.315197-72.543568&%3D%3D%3D%3DLIST
Test  - Parsing XML document (4262 bytes)
Test  - No CDATA section in XML document.
Test  - Execute: Step 4 - number of returned stars=0
Test  - Execute: Step 4 - outputList[S1]
Test  - Execute: Step 4 - Performing action[UPDATE_ONLY] with 0 stars
Test  - Execute: Step 4 - after action[UPDATE_ONLY]: 1 stars
Test  - Execute: Step 5 - inputList[S1] action[UPDATE_ONLY]
Test  - Execute: Step 5 - Querying II/328/allwise [WISE] ...
Test  - Execute: Step 5 - optimized cone search radius=3.5 arcsec
Test  - Search: input list [Temporary_1] catalog id: 'MIXED CATALOG'
Test  - Search: catalog id: 'II/328/allwise'
Test  - Search: Box search area=7.1/7.1 arcsec
Test  - Get XML document [0] from 'http://vizier.u-strasbg.fr/viz-bin/asu-xml?' with POST data: -source=II/328/allwise&-out.meta=hudU1&-oc.form=sexa&-c.eq=J2000&-out.add=_RAJ2000&-out.add=_DEJ2000&-oc=hms&-out.max=1000&-sort=_r&-c.geom=b&-c.bs=7.1/7.1&-out.add=_1&-file=-c&-out=AllWISE&-out=qph&-out=W1mag&-out=e_W1mag&-out=W2mag&-out=e_W2mag&-out=W3mag&-out=e_W3mag&-out.form=List&-c=%3C%3C%3D%3D%3D%3DLIST&015.315162-72.543564&%3D%3D%3D%3DLIST
Test  - Parsing XML document (5433 bytes)
Test  - Extracting data from CDATA section (1 rows)
Test  - Extract: Property / Parameter mapping for catalog 'II/328/allwise':
Test  - Extract: Property 'TARGET_ID' [ID_TARGET] found for parameter '_1' (UCD='ID_TARGET')
Test  - Extract: Property 'RAJ2000' [POS_EQ_RA_MAIN] found for parameter '_RAJ2000' (UCD='POS_EQ_RA_MAIN')
Test  - Extract: Property 'DEJ2000' [POS_EQ_DEC_MAIN] found for parameter '_DEJ2000' (UCD='POS_EQ_DEC_MAIN')
Test  - Extract: Property 'WISE' [ID_WISE] found for parameter 'AllWISE' (UCD='ID_MAIN')
Test  - Extract: Property 'Qph_wise' [CODE_QUALITY_WISE] found for parameter 'qph' (UCD='CODE_QUALITY')
Test  - Extract: Property 'L' [PHOT_JHN_L] found for parameter 'W1mag' (UCD='PHOT_IR_3.4')
Test  - Extract: Property 'e_L' [PHOT_JHN_L_ERROR] found for parameter 'e_W1mag' (UCD='ERROR')
Test  - Extract: Property 'M' [PHOT_JHN_M] found for parameter 'W2mag' (UCD='PHOT_IR_4.2')
Test  - Extract: Property 'e_M' [PHOT_JHN_M_ERROR] found for parameter 'e_W2mag' (UCD='ERROR')
Test  - Extract: Property 'N' [PHOT_JHN_N] found for parameter 'W3mag' (UCD='PHOT_FLUX_IR_12')
Test  - Extract: Property 'e_N' [PHOT_JHN_N_ERROR] found for parameter 'e_W3mag' (UCD='ERROR')
Info  - ProcessList_WISE: list Size=1
Test  - Execute: Step 5 - number of returned stars=1
Test  - Execute: Step 5 - outputList[S1]
Test  - Execute: Step 5 - Performing action[UPDATE_ONLY] with 1 stars
Test  - Merge: list [S1][1 stars] with criteria << input list [Temporary_1][1 stars]
Test  - Merge: Criteria 1 on property[POS_EQ_RA_MAIN] with range = 0.000972222
Test  - Merge: Criteria 2 on property[POS_EQ_DEC_MAIN] with range = 0.000972222
Test  - Merge:  work list [S1] catalog id: 'MIXED CATALOG'
Test  - Merge: input list [Temporary_1] catalog id: 'II/328/allwise'
Test  - Merge: crossmatch [CLOSEST_REF_STAR]
Test  - Merge: precess candidate stars with reference star
Test  - Merge: precess using JD in epoch range [2010.020 2011.085]
Test  - Merge:  work list [S1] catalog id: 'MIXED CATALOG'
Test  - Merge: done: 0 stars added / 1 found / 1 updated / 0 skipped (0 skipped targetId).
Test  - Merge: Property 'WISE' [ID_WISE] updated 1 times
Test  - Merge: Property 'L' [PHOT_JHN_L] updated 1 times
Test  - Merge: Property 'M' [PHOT_JHN_M] updated 1 times
Test  - Merge: Property 'N' [PHOT_JHN_N] updated 1 times
Test  - Merge: Property 'Qph_wise' [CODE_QUALITY_WISE] updated 1 times
Test  - Execute: Step 5 - after action[UPDATE_ONLY]: 1 stars
Test  - Execute: Step 6 - inputList[S1] action[UPDATE_ONLY]
Test  - Execute: Step 6 - Querying B/sb9/main [SB9] ...
Test  - Execute: Step 6 - optimized cone search radius=1.5 arcsec
Test  - Search: input list [Temporary_1] catalog id: 'MIXED CATALOG'
Test  - Search: catalog id: 'B/sb9/main'
Test  - Search: Cone search area=1.6 arcsec
Test  - Get XML document [0] from 'http://vizier.u-strasbg.fr/viz-bin/asu-xml?' with POST data: -source=B/sb9/main&-out.meta=hudU1&-oc.form=sexa&-c.eq=J2000&-out.add=_RAJ2000&-out.add=_DEJ2000&-oc=hms&-out.max=1000&-sort=_r&-c.rs=1.6&-out.add=_1&-file=-c&-out=Seq&-out.form=List&-c=%3C%3C%3D%3D%3D%3DLIST&015.315181-72.543566&%3D%3D%3D%3DLIST
Test  - Parsing XML document (3098 bytes)
Test  - No CDATA section in XML document.
Test  - Execute: Step 6 - number of returned stars=0
Test  - Execute: Step 6 - outputList[S1]
Test  - Execute: Step 6 - Performing action[UPDATE_ONLY] with 0 stars
Test  - Execute: Step 6 - after action[UPDATE_ONLY]: 1 stars
Test  - Execute: Step 7 - inputList[S1] action[UPDATE_ONLY]
Test  - Execute: Step 7 - Querying B/wds/wds [WDS] ...
Test  - Execute: Step 7 - optimized cone search radius=1.5 arcsec
Test  - Search: input list [Temporary_1] catalog id: 'MIXED CATALOG'
Test  - Search: catalog id: 'B/wds/wds'
Test  - Search: Cone search area=1.6 arcsec
Test  - Get XML document [0] from 'http://vizier.u-strasbg.fr/viz-bin/asu-xml?' with POST data: -source=B/wds/wds&-out.meta=hudU1&-oc.form=sexa&-c.eq=J2000&-out.add=_RAJ2000&-out.add=_DEJ2000&-oc=hms&-out.max=1000&-c.rs=1.6&-out.add=_1&-file=-c&-out=WDS&-out=sep1&-out=sep2&-out.form=List&-c=%3C%3C%3D%3D%3D%3DLIST&015.315181-72.543566&%3D%3D%3D%3DLIST
Test  - Parsing XML document (3199 bytes)
Test  - No CDATA section in XML document.
Test  - Execute: Step 7 - number of returned stars=0
Test  - Execute: Step 7 - outputList[S1]
Test  - Execute: Step 7 - Performing action[UPDATE_ONLY] with 0 stars
Test  - Execute: Step 7 - after action[UPDATE_ONLY]: 1 stars
Test  - Execute: Step 8 - inputList[S1] action[UPDATE_ONLY]
Test  - Execute: Step 8 - Querying II/297/irc [AKARI] ...
Test  - Execute: Step 8 - optimized cone search radius=3.5 arcsec
Test  - Search: input list [Temporary_1] catalog id: 'MIXED CATALOG'
Test  - Search: catalog id: 'II/297/irc'
Test  - Search: Box search area=7.1/7.1 arcsec
Test  - Get XML document [0] from 'http://vizier.u-strasbg.fr/viz-bin/asu-xml?' with POST data: -source=II/297/irc&-out.meta=hudU1&-oc.form=sexa&-c.eq=J2000&-out.add=_RAJ2000&-out.add=_DEJ2000&-oc=hms&-out.max=1000&-sort=_r&-c.geom=b&-c.bs=7.1/7.1&-out.add=_1&-file=-c&-out=objID&-out=S09&-out=e_S09&-out=S18&-out=e_S18&-out.form=List&-c=%3C%3C%3D%3D%3D%3DLIST&015.315169-72.543565&%3D%3D%3D%3DLIST
Test  - Parsing XML document (4054 bytes)
Test  - No CDATA section in XML document.
Test  - Execute: Step 8 - number of returned stars=0
Test  - Execute: Step 8 - outputList[S1]
Test  - Execute: Step 8 - Performing action[UPDATE_ONLY] with 0 stars
Test  - Execute: Step 8 - after action[UPDATE_ONLY]: 1 stars
Test  - Execute: resultList[GetCal]
Info  - Scenario[FAINT_K] Execute() done: 1 star(s) found.
Test  - Scenario[FAINT_K] Property usage by catalogs
Test  - Property 'CODE_MULT_FLAG' [MultFlag]: I/280	
Test  - Property 'CODE_QUALITY_WISE' [Qph_wise]: II/328/allwise	
Test  - Property 'CODE_VARIAB_V1' [VarFlag1]: I/280	
Test  - Property 'CODE_VARIAB_V2' [VarFlag2]: I/280	
Test  - Property 'ID_DM' [DM]: I/280	
Test  - Property 'ID_HD' [HD]: I/280	
Test  - Property 'ID_HIP' [HIP]: I/280	
Test  - Property 'ID_TARGET' [TARGET_ID]: I/280	II/328/allwise	
Test  - Property 'ID_TYC1' [TYC1]: I/280	
Test  - Property 'ID_TYC2' [TYC2]: I/280	
Test  - Property 'ID_TYC3' [TYC3]: I/280	
Test  - Property 'ID_WISE' [WISE]: II/328/allwise	
Test  - Property 'PHOT_JHN_B' [B]: I/280	
Test  - Property 'PHOT_JHN_B_ERROR' [e_B]: I/280	
Test  - Property 'PHOT_JHN_L' [L]: II/328/allwise	
Test  - Property 'PHOT_JHN_L_ERROR' [e_L]: II/328/allwise	
Test  - Property 'PHOT_JHN_M' [M]: II/328/allwise	
Test  - Property 'PHOT_JHN_M_ERROR' [e_M]: II/328/allwise	
Test  - Property 'PHOT_JHN_N' [N]: II/328/allwise	
Test  - Property 'PHOT_JHN_N_ERROR' [e_N]: II/328/allwise	
Test  - Property 'PHOT_JHN_V' [V]: I/280	
Test  - Property 'PHOT_JHN_V_ERROR' [e_V]: I/280	
Test  - Property 'POS_EQ_DEC_ERROR' [e_DEJ2000]: I/280	
Test  - Property 'POS_EQ_DEC_MAIN' [DEJ2000]: I/280	II/328/allwise	
Test  - Property 'POS_EQ_PMDEC' [pmDec]: I/280	
Test  - Property 'POS_EQ_PMDEC_ERROR' [e_pmDec]: I/280	
Test  - Property 'POS_EQ_PMRA' [pmRa]: I/280	
Test  - Property 'POS_EQ_PMRA_ERROR' [e_pmRa]: I/280	
Test  - Property 'POS_EQ_RA_ERROR' [e_RAJ2000]: I/280	
Test  - Property 'POS_EQ_RA_MAIN' [RAJ2000]: I/280	II/328/allwise	
Test  - Property 'SPECT_TYPE_MK' [SpType]: I/280	
Test  - Property 'VAR_CLASS' [VarFlag3]: I/280	
Test  - Search: done [1 stars]
Test  - Complete: start [1 stars]
Test  - ----- Complete: star 'TYC 9141-7566-1'
Test  - Spectral Type - Skipping (no SpType available).
Info  - Using Faint approach with spType index in range [42 .. 272]
Info  - spectral type index = 157.0 - delta = 115
Test  - Extracted magnitudes:  B=11.600(0.082 HIGH) V=11.468(0.115 HIGH) R=0.000(0.000 NO) I=0.000(0.000 NO) J=11.052(0.029 HIGH) H=10.958(0.036 HIGH) K=10.896(0.026 HIGH) L=10.681(0.022 HIGH) M=10.676(0.020 HIGH)
Test  - Fixed magnitudes: (fix error) B=11.600(0.082 HIGH) V=11.468(0.115 HIGH) R=0.000(0.000 NO) I=0.000(0.000 NO) J=11.052(0.036 HIGH) H=10.958(0.036 HIGH) K=10.896(0.036 HIGH) L=10.681(0.022 HIGH) M=10.676(0.020 HIGH)
Test  - Diameter (SP 157) V-J=0.0273(0.0009 1.5%) V-H=0.0262(0.0007 1.1%) V-K=0.0268(0.0006 1.0%) 
Test  - Diameter weighted=0.0266(0.0005 0.8%) valid=true [HIGH] chi2=0.3913 from 3 diameters: 
Test  - Sampling spectral type range [42 .. 272]
Info  - Weighted mean diameters: 0.01690 < 0.02519 (0.0005) < 0.03355 - colorTableIndex: [56 to 260] - best chi2: 120 == 0.006629
Test  - Final Weighted mean diameter: 0.0241(0.0037) instead of 0.0252(0.0005)
Info  - Diameter weighted=0.0241(0.0037 6.7%) valid=false [MEDIUM] chi2=1.0000 from 3 diameters: [FAINT] MIN_CHI2 for (SP 120) 
Info  - Spectral type='' - Our spectral type='B4.00/M5.00': updated spectral code / quantity class='F9.50' (25.50)
Test  - Corrected LD error=0.0038 (15.6 %)(error=0.0037, chi2=1.0000)
Test  - Computing UDs for LD=0.0241 at idx=158 lc=-1
Test  - Computed UD: U=0.0223 B=0.0223 V=0.0227 R=0.0230 I=0.0232 J=0.0236 H=0.0236 K=0.0237 L=0.0239 M=0.0239 N=0.0240
Test  - Extracted magnitudes:  B=11.600(0.082 HIGH) V=11.468(0.115 HIGH) R=0.000(0.000 NO) I=0.000(0.000 NO) J=11.052(0.029 HIGH) H=10.958(0.036 HIGH) K=10.896(0.026 HIGH) L=10.681(0.022 HIGH) M=10.676(0.020 HIGH)
Test  - Fixed magnitudes: (fix error) B=11.600(0.082 HIGH) V=11.468(0.115 HIGH) R=0.000(0.000 NO) I=0.000(0.000 NO) J=11.052(0.036 HIGH) H=10.958(0.036 HIGH) K=10.896(0.036 HIGH) L=10.681(0.022 HIGH) M=10.676(0.020 HIGH)
Test  - Av=0.0000 (1.03435) distance=319.318 (13.33569) chi2=18.1663 chi2Mu=nan [4 bands] [DWARF] from line[F9.50]
Test  - Av=0.0000 (1.36467) distance=1546.119 (64.57065) chi2=31.5621 chi2Mu=nan [4 bands] [GIANT] from line[F9.50]
Test  - Av=0.0000 (1.11175) distance=44128.233 (1842.93012) chi2=21.2658 chi2Mu=nan [4 bands] [SUPER_GIANT] from line[F9.50]
Info  - Spectral type='' - Our spectral type='B4.00/M5.00(V)': updated spectral code / quantity class='F9.50' (25.50)
Info  - spectral type='' - our spectral type='B4.00/M5.00(V)': updated luminosity class='V'
Test  - Fitted Av=0.0000 (1.03435) distance=319.318 (13.336) chi2=18.1663 chi2Mu=nan [4 bands] [DWARF]
Test  - ComputeExtinctionCoefficient: (fit) Av=0.0000 (1.0343) distance=319.3178 (13.3357) chi2=18.1663 chi2Dist=nan
Info  - ComputeExtinctionCoefficient: bad chi2 for Av=0.0000 (1.0343) chi2=18.1663
Test  - Cousin magnitudes: I=nan(nan) J=11.080(0.027) H=10.953(0.035) K=10.920(0.026)
Test  - sclsvrCALIBRATOR::ComputeMissingMagnitude()
Test  - Initial magnitudes:  B=11.600(0.082 HIGH) V=11.468(0.115 HIGH) R=0.000(0.000 NO) I=0.000(0.000 NO) J=11.080(0.027 HIGH) H=10.953(0.035 HIGH) K=10.920(0.026 HIGH) L=10.681(0.022 HIGH) M=10.676(0.020 HIGH)
Test  - Corrected magnitudes: (Av) B=11.600(0.082 HIGH) V=11.468(0.115 HIGH) R=0.000(0.000 NO) I=0.000(0.000 NO) J=11.080(0.027 HIGH) H=10.953(0.035 HIGH) K=10.920(0.026 HIGH) L=10.681(0.022 HIGH) M=10.676(0.020 HIGH)
Test  - Could not compute differential magnitudes; mgB-mgV=0.132 / B-V [0.565..0.565]; delta > 0.1
Test  - Computed magnitudes (faint)  B=11.600(0.082 HIGH) V=11.468(0.115 HIGH) R=10.750(0.000 LOW) I=11.831(0.000 LOW) J=11.080(0.027 HIGH) H=10.953(0.035 HIGH) K=10.920(0.026 HIGH) L=10.681(0.022 HIGH) M=10.676(0.020 HIGH)
Test  - Apparent magnitudes:  B=11.600(0.082 HIGH) V=11.468(0.115 HIGH) R=10.750(0.000 LOW) I=11.831(0.000 LOW) J=11.080(0.027 HIGH) H=10.953(0.035 HIGH) K=10.920(0.026 HIGH) L=10.681(0.022 HIGH) M=10.676(0.020 HIGH)
Test  - Johnson magnitudes: I=11.556 J=11.052 H=10.958 K=10.896
Test  - IR Fluxes: Skipping (no 9 mu or 18 mu flux available).
Test  - Diam=0.024 (0.004) - base=102.5 - wlen=2.200
Test  - V(dV), V2(dV2)= 0.999963 (0.000011 - 0.00 %), 0.999927 (0.000023 - 0.00 %)
Test  - Complete: done [1 stars]
Info  - Star Property statistics:
Info  - Property [HD]: values (0)
Info  - Property [HIP]: values (0)
Info  - Property [DM]: values (0)
Info  - Property [TYC1]: values (1) origins (1 [I/280] ) confidences (1 [HIGH] )
Info  - Property [TYC2]: values (1) origins (1 [I/280] ) confidences (1 [HIGH] )
Info  - Property [TYC3]: values (1) origins (1 [I/280] ) confidences (1 [HIGH] )
Info  - Property [opt]: values (0)
Info  - Property [2MASS]: values (1) origins (1 [II/246/out] ) confidences (1 [HIGH] )
Info  - Property [AKARI]: values (0)
Info  - Property [WISE]: values (1) origins (1 [II/328/allwise] ) confidences (1 [HIGH] )
Info  - Property [RAJ2000]: values (1) errors (1) origins (1 [I/280] ) confidences (1 [HIGH] )
Info  - Property [DEJ2000]: values (1) errors (1) origins (1 [I/280] ) confidences (1 [HIGH] )
Info  - Property [TARGET_ID]: values (0)
Info  - Property [GroupSize]: values (0)
Info  - Property [jd]: values (0)
Info  - Property [pmRa]: values (1) errors (1) origins (1 [I/280] ) confidences (1 [HIGH] )
Info  - Property [pmDec]: values (1) errors (1) origins (1 [I/280] ) confidences (1 [HIGH] )
Info  - Property [plx]: values (0)
Info  - Property [SpType]: values (0)
Info  - Property [ObjTypes]: values (0)
Info  - Property [SIMBAD]: values (0)
Info  - Property [VarFlag1]: values (0)
Info  - Property [VarFlag2]: values (0)
Info  - Property [VarFlag3]: values (0)
Info  - Property [MultFlag]: values (0)
Info  - Property [BinFlag]: values (0)
Info  - Property [SBC9]: values (0)
Info  - Property [WDS]: values (0)
Info  - Property [sep1]: values (0)
Info  - Property [sep2]: values (0)
Info  - Property [RadVel]: values (0)
Info  - Property [RotVel]: values (0)
Info  - Property [B]: values (1) errors (1) origins (1 [I/280] ) confidences (1 [HIGH] )
Info  - Property [B-V]: values (0)
Info  - Property [V]: values (1) errors (1) origins (1 [I/280] ) confidences (1 [HIGH] )
Info  - Property [V-Icous]: values (0)
Info  - Property [ref_V-Icous]: values (0)
Info  - Property [R]: values (1) origins (1 [computed] ) confidences (1 [LOW] )
Info  - Property [I]: values (1) origins (1 [computed] ) confidences (1 [LOW] )
Info  - Property [Icous]: values (0)
Info  - Property [J]: values (1) errors (1) origins (1 [II/246/out] ) confidences (1 [HIGH] )
Info  - Property [H]: values (1) errors (1) origins (1 [II/246/out] ) confidences (1 [HIGH] )
Info  - Property [K]: values (1) errors (1) origins (1 [II/246/out] ) confidences (1 [HIGH] )
Info  - Property [Qflag]: values (0)
Info  - Property [L]: values (1) errors (1) origins (1 [II/328/allwise] ) confidences (1 [HIGH] )
Info  - Property [M]: values (1) errors (1) origins (1 [II/328/allwise] ) confidences (1 [HIGH] )
Info  - Property [N]: values (1) errors (1) origins (1 [II/328/allwise] ) confidences (1 [HIGH] )
Info  - Property [Qph_wise]: values (0)
Info  - Property [S09]: values (0)
Info  - Property [F12]: values (0)
Info  - Property [S18]: values (0)
Info  - Property [Jcous]: values (0)
Info  - Property [Hcous]: values (0)
Info  - Property [Kcous]: values (0)
Info  - Property [diam_vj]: values (0)
Info  - Property [diam_vh]: values (0)
Info  - Property [diam_vk]: values (0)
Info  - Property [diam_count]: values (0)
Info  - Property [LDD]: values (1) errors (1) origins (1 [computed] ) confidences (1 [MEDIUM] )
Info  - Property [e_LDD_rel]: values (1) origins (1 [computed] ) confidences (1 [MEDIUM] )
Info  - Property [diam_chi2]: values (1) origins (1 [computed] ) confidences (1 [HIGH] )
Info  - Property [CalFlag]: values (1) origins (1 [computed] ) confidences (1 [HIGH] )
Info  - Property [diamFlag]: values (1) origins (1 [computed] ) confidences (1 [HIGH] )
Info  - Property [diamFlagInfo]: values (0)
Info  - Property [Teff_SpType]: values (1) origins (1 [computed] ) confidences (1 [HIGH] )
Info  - Property [logg_SpType]: values (1) origins (1 [computed] ) confidences (1 [HIGH] )
Info  - Property [UD_U]: values (1) origins (1 [computed] ) confidences (1 [MEDIUM] )
Info  - Property [UD_B]: values (1) origins (1 [computed] ) confidences (1 [MEDIUM] )
Info  - Property [UD_V]: values (1) origins (1 [computed] ) confidences (1 [MEDIUM] )
Info  - Property [UD_R]: values (1) origins (1 [computed] ) confidences (1 [MEDIUM] )
Info  - Property [UD_I]: values (1) origins (1 [computed] ) confidences (1 [MEDIUM] )
Info  - Property [UD_J]: values (1) origins (1 [computed] ) confidences (1 [MEDIUM] )
Info  - Property [UD_H]: values (1) origins (1 [computed] ) confidences (1 [MEDIUM] )
Info  - Property [UD_K]: values (1) origins (1 [computed] ) confidences (1 [MEDIUM] )
Info  - Property [UD_L]: values (1) origins (1 [computed] ) confidences (1 [MEDIUM] )
Info  - Property [UD_M]: values (1) origins (1 [computed] ) confidences (1 [MEDIUM] )
Info  - Property [UD_N]: values (1) origins (1 [computed] ) confidences (1 [MEDIUM] )
Info  - Property [Av]: values (0)
Info  - Property [Av_fit_chi2]: values (0)
Info  - Property [dist_plx]: values (0)
Info  - Property [dist_fit]: values (0)
Info  - Property [dist_fit_chi2]: values (0)
Info  - Property [vis2]: values (1) errors (1) origins (1 [computed] ) confidences (1 [MEDIUM] )
Info  - Property [dist]: values (1) origins (1 [computed] ) confidences (1 [HIGH] )
Info  - Property [color_table_index]: values (0)
Info  - Property [color_table_delta]: values (0)
Info  - Property [color_table_index_fix]: values (0)
Info  - Property [color_table_delta_fix]: values (0)
Info  - Property [lum_class]: values (0)
Info  - Property [lum_class_delta]: values (0)
Info  - Property [SpType_JMMC]: values (1) origins (1 [computed] ) confidences (1 [HIGH] )
Info  - Property [Name]: values (1) origins (1 [computed] ) confidences (1 [HIGH] )
Test  - GetVotable: size=42513 bytes / capacity=48592 bytes
Info  - Saving Votable: AzV_266.vot
Warn  - sclsvrServerExit[0] : 
