sclsvrServer -    alx - Info  - Loading /home/users/bourgesl/INTROOT/config/alxAngDiamPolynomial.cfg ...
sclsvrServer -    alx - Info  - Loading /home/users/bourgesl/INTROOT/config/alxExtinctionRatioTable.cfg ...
sclsvrServer -    alx - Test  - Type of star = DWARF
sclsvrServer -    alx - Info  - Loading /home/users/bourgesl/INTROOT/config/alxColorTableForBrightDwarfStar.cfg ...
sclsvrServer -    alx - Test  - Type of star = DWARF
sclsvrServer -    alx - Info  - Loading /home/users/bourgesl/INTROOT/config/alxColorTableForFaintDwarfStar.cfg ...
sclsvrServer -    alx - Test  - Type of star = GIANT
sclsvrServer -    alx - Info  - Loading /home/users/bourgesl/INTROOT/config/alxColorTableForBrightGiantStar.cfg ...
sclsvrServer -    alx - Test  - Type of star = GIANT
sclsvrServer -    alx - Info  - Loading /home/users/bourgesl/INTROOT/config/alxColorTableForFaintGiantStar.cfg ...
sclsvrServer -    alx - Test  - Type of star = SUPER GIANT
sclsvrServer -    alx - Info  - Loading /home/users/bourgesl/INTROOT/config/alxColorTableForBrightSuperGiantStar.cfg ...
sclsvrServer -    alx - Test  - Type of star = SUPER GIANT
sclsvrServer -    alx - Info  - Loading /home/users/bourgesl/INTROOT/config/alxColorTableForFaintSuperGiantStar.cfg ...
sclsvrServer -    alx - Info  - Loading /home/users/bourgesl/INTROOT/config/alxAkariBlackBodyCorrectionTable.cfg ...
sclsvrServer -    alx - Info  - Loading /home/users/bourgesl/INTROOT/config/alxTableTeffLogg.cfg ...
sclsvrServer -    alx - Info  - Loading /home/users/bourgesl/INTROOT/config/alxTableUDCoefficientCorrection.cfg ...
sclsvrServer -    alx - Info  - Loading /home/users/bourgesl/INTROOT/config/alxIntAbsPolynomial.cfg ...
sclsvrServer -    alx - Info  - Loading /home/users/bourgesl/INTROOT/config/alxStarPopulationInKBand.cfg ...
sclsvrServer -   vobs - Test  - vobsSTAR has defined 67 properties.
sclsvrServer - sclsvr - Test  - sclsvrCALIBRATOR has defined 119 properties.
sclsvrServer -   vobs - Info  - Execute: start
sclsvrServer -   vobs - Test  - Execute: Step 1 - Consulting I/280 ...
sclsvrServer -   vobs - Test  - Execute: Step 1 - Optimized ConeSearchRadius = 1.0 arcsec
sclsvrServer -   vobs - Quiet - Catalogs will get VIZIER data from 'http://vizier.u-strasbg.fr/viz-bin/asu-xml?'
sclsvrServer -   vobs - Test  - Get XML document from 'http://vizier.u-strasbg.fr/viz-bin/asu-xml?' with POST data '-source=I/280&-out.meta=hudU1&-oc.form=sexa&-c.eq=J2000&-out.add=_RAJ2000&-out.add=_DEJ2000&-oc=hms&-out.max=1000&-sort=_r&-file=-c&-c.rs=1.0&-out.add=_1&-out=HIP&-out=HD&-out=DM&-out=TYC1&-out=TYC2&-out=TYC3&-out=pmRA&-out=pmDE&-out=Plx&-out=e_Plx&-out=SpType&-out=Bmag&-out=Vmag&-out=v1&-out=v2&-out=v3&-out=d5&-out.form=List&-c=%3C%3C%3D%3D%3D%3DLIST&056.871167%2b24.105139&%3D%3D%3D%3DLIST'
sclsvrServer -   vobs - Test  - Parsing XML document (6009 bytes)
sclsvrServer -   vobs - Test  - Extracting data from CDATA section (1 rows)
sclsvrServer -   vobs - Test  - Extract: Property / Parameter mapping for catalog 'I/280':
sclsvrServer -   vobs - Test  - Extract: Property 'TARGET_ID' [ID_TARGET] found for parameter '_1' (UCD = 'ID_TARGET')
sclsvrServer -   vobs - Test  - Extract: Property 'RAJ2000' [POS_EQ_RA_MAIN] found for parameter '_RAJ2000' (UCD = 'POS_EQ_RA_MAIN')
sclsvrServer -   vobs - Test  - Extract: Property 'DEJ2000' [POS_EQ_DEC_MAIN] found for parameter '_DEJ2000' (UCD = 'POS_EQ_DEC_MAIN')
sclsvrServer -   vobs - Test  - Extract: Property 'HIP' [ID_HIP] found for parameter 'HIP' (UCD = 'ID_ALTERNATIVE')
sclsvrServer -   vobs - Test  - Extract: Property 'HD' [ID_HD] found for parameter 'HD' (UCD = 'ID_ALTERNATIVE')
sclsvrServer -   vobs - Test  - Extract: Property 'DM' [ID_DM] found for parameter 'DM' (UCD = 'ID_ALTERNATIVE')
sclsvrServer -   vobs - Test  - Extract: Property 'TYC1' [ID_TYC1] found for parameter 'TYC1' (UCD = 'ID_ALTERNATIVE')
sclsvrServer -   vobs - Test  - Extract: Property 'TYC2' [ID_TYC2] found for parameter 'TYC2' (UCD = 'ID_ALTERNATIVE')
sclsvrServer -   vobs - Test  - Extract: Property 'TYC3' [ID_TYC3] found for parameter 'TYC3' (UCD = 'ID_ALTERNATIVE')
sclsvrServer -   vobs - Test  - Extract: Property 'pmRa' [POS_EQ_PMRA] found for parameter 'pmRA' (UCD = 'POS_EQ_PMRA')
sclsvrServer -   vobs - Test  - Extract: Property 'pmDec' [POS_EQ_PMDEC] found for parameter 'pmDE' (UCD = 'POS_EQ_PMDEC')
sclsvrServer -   vobs - Test  - Extract: Property 'plx' [POS_PARLX_TRIG] found for parameter 'Plx' (UCD = 'POS_PARLX_TRIG')
sclsvrServer -   vobs - Test  - Extract: Property 'e_Plx' [POS_PARLX_TRIG_ERROR] found for parameter 'e_Plx' (UCD = 'ERROR')
sclsvrServer -   vobs - Test  - Extract: Property 'SpType' [SPECT_TYPE_MK] found for parameter 'SpType' (UCD = 'SPECT_TYPE_MK')
sclsvrServer -   vobs - Test  - Extract: Property 'B' [PHOT_JHN_B] found for parameter 'Bmag' (UCD = 'PHOT_JHN_B')
sclsvrServer -   vobs - Test  - Extract: Property 'V' [PHOT_JHN_V] found for parameter 'Vmag' (UCD = 'PHOT_JHN_V')
sclsvrServer -   vobs - Test  - Extract: Property 'VarFlag1' [CODE_VARIAB_V1] found for parameter 'v1' (UCD = 'CODE_VARIAB')
sclsvrServer -   vobs - Test  - Extract: Property 'VarFlag2' [CODE_VARIAB_V2] found for parameter 'v2' (UCD = 'CODE_VARIAB')
sclsvrServer -   vobs - Test  - Extract: Property 'VarFlag3' [VAR_CLASS] found for parameter 'v3' (UCD = 'VAR_CLASS')
sclsvrServer -   vobs - Test  - Extract: Property 'MultFlag' [CODE_MULT_FLAG] found for parameter 'd5' (UCD = 'CODE_MULT_FLAG')
sclsvrServer -   vobs - Test  - Execute: Step 1 - number of returned stars = 1
sclsvrServer -   vobs - Test  - Execute: Step 1 - Performing UPDATE_ONLY action with 1 stars
sclsvrServer -   vobs - Test  - Merge: list [1 stars] with criteria - input list [1 stars]
sclsvrServer -   vobs - Test  - Merge: Criteria 1 on property[POS_EQ_RA_MAIN] with range = 0.000277778
sclsvrServer -   vobs - Test  - Merge: Criteria 2 on property[POS_EQ_DEC_MAIN] with range = 0.000277778
sclsvrServer -   vobs - Test  - Merge: crossmatch algorithm using the closest star among the star list for each reference star
sclsvrServer -   vobs - Test  - Merge: done = 0 stars added / 1 found / 1 updated / 0 skipped.
sclsvrServer -   vobs - Test  - Merge: Property 'HD' [ID_HD] updated 1 times
sclsvrServer -   vobs - Test  - Merge: Property 'HIP' [ID_HIP] updated 1 times
sclsvrServer -   vobs - Test  - Merge: Property 'DM' [ID_DM] updated 1 times
sclsvrServer -   vobs - Test  - Merge: Property 'TYC1' [ID_TYC1] updated 1 times
sclsvrServer -   vobs - Test  - Merge: Property 'TYC2' [ID_TYC2] updated 1 times
sclsvrServer -   vobs - Test  - Merge: Property 'TYC3' [ID_TYC3] updated 1 times
sclsvrServer -   vobs - Test  - Merge: Property 'pmRa' [POS_EQ_PMRA] updated 1 times
sclsvrServer -   vobs - Test  - Merge: Property 'pmDec' [POS_EQ_PMDEC] updated 1 times
sclsvrServer -   vobs - Test  - Merge: Property 'plx' [POS_PARLX_TRIG] updated 1 times
sclsvrServer -   vobs - Test  - Merge: Property 'e_Plx' [POS_PARLX_TRIG_ERROR] updated 1 times
sclsvrServer -   vobs - Test  - Merge: Property 'SpType' [SPECT_TYPE_MK] updated 1 times
sclsvrServer -   vobs - Test  - Merge: Property 'B' [PHOT_JHN_B] updated 1 times
sclsvrServer -   vobs - Test  - Merge: Property 'V' [PHOT_JHN_V] updated 1 times
sclsvrServer -   vobs - Test  - Execute: Step 1 - after UPDATE_ONLY, 1 stars
sclsvrServer -   vobs - Info  - Execute: done = 1 star(s) found.
sclsvrServer -   vobs - Test  - Search: start
sclsvrServer -   vobs - Info  - Execute: start
sclsvrServer -   vobs - Test  - Execute: Step 1 - Consulting I/280 ...
sclsvrServer -   vobs - Test  - Execute: Step 1 - Optimized ConeSearchRadius = 1.0 arcsec
sclsvrServer -   vobs - Test  - Get XML document from 'http://vizier.u-strasbg.fr/viz-bin/asu-xml?' with POST data '-source=I/280&-out.meta=hudU1&-oc.form=sexa&-c.eq=J2000&-out.add=_RAJ2000&-out.add=_DEJ2000&-oc=hms&-out.max=1000&-sort=_r&-file=-c&-c.rs=1.0&-out.add=_1&-out=HIP&-out=HD&-out=DM&-out=TYC1&-out=TYC2&-out=TYC3&-out=pmRA&-out=pmDE&-out=Plx&-out=e_Plx&-out=SpType&-out=Bmag&-out=Vmag&-out=v1&-out=v2&-out=v3&-out=d5&-out.form=List&-c=%3C%3C%3D%3D%3D%3DLIST&056.871167%2b24.105139&%3D%3D%3D%3DLIST'
sclsvrServer -   vobs - Test  - Parsing XML document (6009 bytes)
sclsvrServer -   vobs - Test  - Extracting data from CDATA section (1 rows)
sclsvrServer -   vobs - Test  - Extract: Property / Parameter mapping for catalog 'I/280':
sclsvrServer -   vobs - Test  - Extract: Property 'TARGET_ID' [ID_TARGET] found for parameter '_1' (UCD = 'ID_TARGET')
sclsvrServer -   vobs - Test  - Extract: Property 'RAJ2000' [POS_EQ_RA_MAIN] found for parameter '_RAJ2000' (UCD = 'POS_EQ_RA_MAIN')
sclsvrServer -   vobs - Test  - Extract: Property 'DEJ2000' [POS_EQ_DEC_MAIN] found for parameter '_DEJ2000' (UCD = 'POS_EQ_DEC_MAIN')
sclsvrServer -   vobs - Test  - Extract: Property 'HIP' [ID_HIP] found for parameter 'HIP' (UCD = 'ID_ALTERNATIVE')
sclsvrServer -   vobs - Test  - Extract: Property 'HD' [ID_HD] found for parameter 'HD' (UCD = 'ID_ALTERNATIVE')
sclsvrServer -   vobs - Test  - Extract: Property 'DM' [ID_DM] found for parameter 'DM' (UCD = 'ID_ALTERNATIVE')
sclsvrServer -   vobs - Test  - Extract: Property 'TYC1' [ID_TYC1] found for parameter 'TYC1' (UCD = 'ID_ALTERNATIVE')
sclsvrServer -   vobs - Test  - Extract: Property 'TYC2' [ID_TYC2] found for parameter 'TYC2' (UCD = 'ID_ALTERNATIVE')
sclsvrServer -   vobs - Test  - Extract: Property 'TYC3' [ID_TYC3] found for parameter 'TYC3' (UCD = 'ID_ALTERNATIVE')
sclsvrServer -   vobs - Test  - Extract: Property 'pmRa' [POS_EQ_PMRA] found for parameter 'pmRA' (UCD = 'POS_EQ_PMRA')
sclsvrServer -   vobs - Test  - Extract: Property 'pmDec' [POS_EQ_PMDEC] found for parameter 'pmDE' (UCD = 'POS_EQ_PMDEC')
sclsvrServer -   vobs - Test  - Extract: Property 'plx' [POS_PARLX_TRIG] found for parameter 'Plx' (UCD = 'POS_PARLX_TRIG')
sclsvrServer -   vobs - Test  - Extract: Property 'e_Plx' [POS_PARLX_TRIG_ERROR] found for parameter 'e_Plx' (UCD = 'ERROR')
sclsvrServer -   vobs - Test  - Extract: Property 'SpType' [SPECT_TYPE_MK] found for parameter 'SpType' (UCD = 'SPECT_TYPE_MK')
sclsvrServer -   vobs - Test  - Extract: Property 'B' [PHOT_JHN_B] found for parameter 'Bmag' (UCD = 'PHOT_JHN_B')
sclsvrServer -   vobs - Test  - Extract: Property 'V' [PHOT_JHN_V] found for parameter 'Vmag' (UCD = 'PHOT_JHN_V')
sclsvrServer -   vobs - Test  - Extract: Property 'VarFlag1' [CODE_VARIAB_V1] found for parameter 'v1' (UCD = 'CODE_VARIAB')
sclsvrServer -   vobs - Test  - Extract: Property 'VarFlag2' [CODE_VARIAB_V2] found for parameter 'v2' (UCD = 'CODE_VARIAB')
sclsvrServer -   vobs - Test  - Extract: Property 'VarFlag3' [VAR_CLASS] found for parameter 'v3' (UCD = 'VAR_CLASS')
sclsvrServer -   vobs - Test  - Extract: Property 'MultFlag' [CODE_MULT_FLAG] found for parameter 'd5' (UCD = 'CODE_MULT_FLAG')
sclsvrServer -   vobs - Test  - Execute: Step 1 - number of returned stars = 1
sclsvrServer -   vobs - Test  - Execute: Step 1 - Performing UPDATE_ONLY action with 1 stars
sclsvrServer -   vobs - Test  - Merge: list [1 stars] with criteria - input list [1 stars]
sclsvrServer -   vobs - Test  - Merge: Criteria 1 on property[POS_EQ_RA_MAIN] with range = 0.000277778
sclsvrServer -   vobs - Test  - Merge: Criteria 2 on property[POS_EQ_DEC_MAIN] with range = 0.000277778
sclsvrServer -   vobs - Test  - Merge: crossmatch algorithm using the closest star among the star list for each reference star
sclsvrServer -   vobs - Test  - Merge: done = 0 stars added / 1 found / 0 updated / 0 skipped.
sclsvrServer -   vobs - Test  - Execute: Step 1 - after UPDATE_ONLY, 1 stars
sclsvrServer -   vobs - Test  - Execute: Step 2 - Consulting J/A+A/393/183/catalog ...
sclsvrServer -   vobs - Test  - Execute: Step 2 - Optimized ConeSearchRadius = 1.0 arcsec
sclsvrServer -   vobs - Test  - Get XML document from 'http://vizier.u-strasbg.fr/viz-bin/asu-xml?' with POST data '-source=J/A+A/393/183/catalog&-out.meta=hudU1&-oc.form=sexa&-c.eq=J2000&-out.add=_RAJ2000&-out.add=_DEJ2000&-oc=hms&-out.max=1000&-sort=_r&-file=-c&-c.rs=1.0&-out.add=_1&-out=Bmag&-out=Vmag&-out=Jmag&-out=Hmag&-out=Kmag&-out=Lmag&-out=Mmag&-out=UDDK&-out=e_UDDK&-out.form=List&-c=%3C%3C%3D%3D%3D%3DLIST&056.871167%2b24.105139&%3D%3D%3D%3DLIST'
sclsvrServer -   vobs - Test  - Parsing XML document (3808 bytes)
sclsvrServer -   vobs - Test  - No CDATA section in XML document.
sclsvrServer -   vobs - Test  - Execute: Step 2 - number of returned stars = 0
sclsvrServer -   vobs - Test  - Execute: Step 2 - Performing UPDATE_ONLY action with 0 stars
sclsvrServer -   vobs - Test  - Execute: Step 2 - after UPDATE_ONLY, 1 stars
sclsvrServer -   vobs - Test  - Execute: Step 3 - Consulting J/A+A/433/1155 ...
sclsvrServer -   vobs - Test  - Execute: Step 3 - Optimized ConeSearchRadius = 1.0 arcsec
sclsvrServer -   vobs - Test  - Get XML document from 'http://vizier.u-strasbg.fr/viz-bin/asu-xml?' with POST data '-source=J/A+A/433/1155&-out.meta=hudU1&-oc.form=sexa&-c.eq=J2000&-out.add=_RAJ2000&-out.add=_DEJ2000&-oc=hms&-out.max=1000&-sort=_r&-file=-c&-c.rs=1.0&-out.add=_1&-out=Bmag&-out=Vmag&-out=Jmag&-out=Hmag&-out=Ksmag&-out=UDdiamKs&-out=e_UDdiam&-out.form=List&-c=%3C%3C%3D%3D%3D%3DLIST&056.871167%2b24.105139&%3D%3D%3D%3DLIST'
sclsvrServer -   vobs - Test  - Parsing XML document (3504 bytes)
sclsvrServer -   vobs - Test  - No CDATA section in XML document.
sclsvrServer -   vobs - Test  - Execute: Step 3 - number of returned stars = 0
sclsvrServer -   vobs - Test  - Execute: Step 3 - Performing UPDATE_ONLY action with 0 stars
sclsvrServer -   vobs - Test  - Execute: Step 3 - after UPDATE_ONLY, 1 stars
sclsvrServer -   vobs - Test  - Execute: Step 4 - Consulting J/A+A/413/1037/table1 ...
sclsvrServer -   vobs - Test  - Execute: Step 4 - Optimized ConeSearchRadius = 1.0 arcsec
sclsvrServer -   vobs - Test  - Get XML document from 'http://vizier.u-strasbg.fr/viz-bin/asu-xml?' with POST data '-source=J/A+A/413/1037/table1&-out.meta=hudU1&-oc.form=sexa&-c.eq=J2000&-out.add=_RAJ2000&-out.add=_DEJ2000&-oc=hms&-out.max=1000&-sort=_r&-file=-c&-c.rs=1.0&-out.add=_1&-out=Jmag&-out=Ksmag&-out=Var&Var=%3C4&-out.form=List&-c=%3C%3C%3D%3D%3D%3DLIST&056.871167%2b24.105139&%3D%3D%3D%3DLIST'
sclsvrServer -   vobs - Test  - Parsing XML document (2801 bytes)
sclsvrServer -   vobs - Test  - No CDATA section in XML document.
sclsvrServer -   vobs - Test  - Execute: Step 4 - number of returned stars = 0
sclsvrServer -   vobs - Test  - Execute: Step 4 - Performing UPDATE_ONLY action with 0 stars
sclsvrServer -   vobs - Test  - Execute: Step 4 - after UPDATE_ONLY, 1 stars
sclsvrServer -   vobs - Test  - Execute: Step 5 - Consulting II/246/out ...
sclsvrServer -   vobs - Test  - Execute: Step 5 - Optimized ConeSearchRadius = 1.0 arcsec
sclsvrServer -   vobs - Test  - Get XML document from 'http://vizier.u-strasbg.fr/viz-bin/asu-xml?' with POST data '-source=II/246/out&-out.meta=hudU1&-oc.form=sexa&-c.eq=J2000&-out.add=_RAJ2000&-out.add=_DEJ2000&-oc=hms&-out.max=1000&-sort=_r&-file=-c&-c.rs=1.0&-out.add=_1&-out=2MASS&-out=GLAT&-out=GLON&-out=Jmag&-out=Hmag&-out=Kmag&-out=Rmag&-out=Bmag&-out=opt&-out=Qflg&-out.form=List&-c=%3C%3C%3D%3D%3D%3DLIST&056.871167%2b24.105139&%3D%3D%3D%3DLIST'
sclsvrServer -   vobs - Test  - Parsing XML document (5014 bytes)
sclsvrServer -   vobs - Test  - Extracting data from CDATA section (1 rows)
sclsvrServer -   vobs - Test  - Extract: Property / Parameter mapping for catalog 'II/246/out':
sclsvrServer -   vobs - Test  - Extract: Property 'TARGET_ID' [ID_TARGET] found for parameter '_1' (UCD = 'ID_TARGET')
sclsvrServer -   vobs - Test  - Extract: Property 'RAJ2000' [POS_EQ_RA_MAIN] found for parameter '_RAJ2000' (UCD = 'POS_EQ_RA_MAIN')
sclsvrServer -   vobs - Test  - Extract: Property 'DEJ2000' [POS_EQ_DEC_MAIN] found for parameter '_DEJ2000' (UCD = 'POS_EQ_DEC_MAIN')
sclsvrServer -   vobs - Test  - Extract: Property '2MASS' [ID_2MASS] found for parameter '2MASS' (UCD = 'ID_MAIN')
sclsvrServer -   vobs - Test  - Extract: Property 'GLAT' [POS_GAL_LAT] found for parameter 'GLAT' (UCD = 'POS_GAL_LAT')
sclsvrServer -   vobs - Test  - Extract: Property 'GLON' [POS_GAL_LON] found for parameter 'GLON' (UCD = 'POS_GAL_LON')
sclsvrServer -   vobs - Test  - Extract: Property 'J' [PHOT_JHN_J] found for parameter 'Jmag' (UCD = 'PHOT_JHN_J')
sclsvrServer -   vobs - Test  - Extract: Property 'H' [PHOT_JHN_H] found for parameter 'Hmag' (UCD = 'PHOT_JHN_H')
sclsvrServer -   vobs - Test  - Extract: Property 'K' [PHOT_JHN_K] found for parameter 'Kmag' (UCD = 'PHOT_JHN_K')
sclsvrServer -   vobs - Test  - Extract: Property 'Rphg' [PHOT_PHG_R] found for parameter 'Rmag' (UCD = 'PHOT_PHG_R')
sclsvrServer -   vobs - Test  - Extract: Property 'Bphg' [PHOT_PHG_B] found for parameter 'Bmag' (UCD = 'PHOT_PHG_B')
sclsvrServer -   vobs - Test  - Extract: Property 'opt' [ID_CATALOG] found for parameter 'opt' (UCD = 'ID_CATALOG')
sclsvrServer -   vobs - Test  - Extract: Property 'Qflag' [CODE_QUALITY] found for parameter 'Qflg' (UCD = 'CODE_QUALITY')
sclsvrServer -   vobs - Test  - Execute: Step 5 - number of returned stars = 1
sclsvrServer -   vobs - Test  - Execute: Step 5 - Performing UPDATE_ONLY action with 1 stars
sclsvrServer -   vobs - Test  - Merge: list [1 stars] with criteria - input list [1 stars]
sclsvrServer -   vobs - Test  - Merge: Criteria 1 on property[POS_EQ_RA_MAIN] with range = 0.000277778
sclsvrServer -   vobs - Test  - Merge: Criteria 2 on property[POS_EQ_DEC_MAIN] with range = 0.000277778
sclsvrServer -   vobs - Test  - Merge: crossmatch algorithm using the closest star among the star list for each reference star
sclsvrServer -   vobs - Test  - Merge: done = 0 stars added / 1 found / 1 updated / 0 skipped.
sclsvrServer -   vobs - Test  - Merge: Property 'opt' [ID_CATALOG] updated 1 times
sclsvrServer -   vobs - Test  - Merge: Property '2MASS' [ID_2MASS] updated 1 times
sclsvrServer -   vobs - Test  - Merge: Property 'Qflag' [CODE_QUALITY] updated 1 times
sclsvrServer -   vobs - Test  - Merge: Property 'GLAT' [POS_GAL_LAT] updated 1 times
sclsvrServer -   vobs - Test  - Merge: Property 'GLON' [POS_GAL_LON] updated 1 times
sclsvrServer -   vobs - Test  - Merge: Property 'Bphg' [PHOT_PHG_B] updated 1 times
sclsvrServer -   vobs - Test  - Merge: Property 'Rphg' [PHOT_PHG_R] updated 1 times
sclsvrServer -   vobs - Test  - Merge: Property 'J' [PHOT_JHN_J] updated 1 times
sclsvrServer -   vobs - Test  - Merge: Property 'H' [PHOT_JHN_H] updated 1 times
sclsvrServer -   vobs - Test  - Merge: Property 'K' [PHOT_JHN_K] updated 1 times
sclsvrServer -   vobs - Test  - Execute: Step 5 - after UPDATE_ONLY, 1 stars
sclsvrServer -   vobs - Test  - Execute: Step 6 - Consulting II/7A/catalog ...
sclsvrServer -   vobs - Test  - Execute: Step 6 - Optimized ConeSearchRadius = 1.0 arcsec
sclsvrServer -   vobs - Test  - Get XML document from 'http://vizier.u-strasbg.fr/viz-bin/asu-xml?' with POST data '-source=II/7A/catalog&-out.meta=hudU1&-oc.form=sexa&-c.eq=J2000&-out.add=_RAJ2000&-out.add=_DEJ2000&-oc=hms&-out.max=1000&-sort=_r&-file=-c&-c.rs=1.0&-out.add=_1&-out=B&-out=V&-out=R&-out=I&-out=J&-out=H&-out=K&-out=L&-out=M&-out=N&-out.form=List&-c=%3C%3C%3D%3D%3D%3DLIST&056.871167%2b24.105139&%3D%3D%3D%3DLIST'
sclsvrServer -   vobs - Test  - Parsing XML document (4568 bytes)
sclsvrServer -   vobs - Test  - Extracting data from CDATA section (2 rows)
sclsvrServer -   vobs - Test  - Extract: Property / Parameter mapping for catalog 'II/7A/catalog':
sclsvrServer -   vobs - Test  - Extract: Property 'TARGET_ID' [ID_TARGET] found for parameter '_1' (UCD = 'ID_TARGET')
sclsvrServer -   vobs - Test  - Extract: Property 'RAJ2000' [POS_EQ_RA_MAIN] found for parameter '_RAJ2000' (UCD = 'POS_EQ_RA_MAIN')
sclsvrServer -   vobs - Test  - Extract: Property 'DEJ2000' [POS_EQ_DEC_MAIN] found for parameter '_DEJ2000' (UCD = 'POS_EQ_DEC_MAIN')
sclsvrServer -   vobs - Test  - Extract: Property 'B' [PHOT_JHN_B] found for parameter 'B' (UCD = 'PHOT_JHN_B')
sclsvrServer -   vobs - Test  - Extract: Property 'V' [PHOT_JHN_V] found for parameter 'V' (UCD = 'PHOT_JHN_V')
sclsvrServer -   vobs - Test  - Extract: Property 'R' [PHOT_JHN_R] found for parameter 'R' (UCD = 'PHOT_JHN_R')
sclsvrServer -   vobs - Test  - Extract: Property 'I' [PHOT_JHN_I] found for parameter 'I' (UCD = 'PHOT_JHN_I')
sclsvrServer -   vobs - Test  - Extract: Property 'J' [PHOT_JHN_J] found for parameter 'J' (UCD = 'PHOT_JHN_J')
sclsvrServer -   vobs - Test  - Extract: Property 'H' [PHOT_JHN_H] found for parameter 'H' (UCD = 'PHOT_JHN_H')
sclsvrServer -   vobs - Test  - Extract: Property 'K' [PHOT_JHN_K] found for parameter 'K' (UCD = 'PHOT_JHN_K')
sclsvrServer -   vobs - Test  - Extract: Property 'L' [PHOT_JHN_L] found for parameter 'L' (UCD = 'PHOT_JHN_L')
sclsvrServer -   vobs - Test  - Extract: Property 'M' [PHOT_JHN_M] found for parameter 'M' (UCD = 'PHOT_JHN_M')
sclsvrServer -   vobs - Test  - Extract: Property 'N' [PHOT_JHN_N] found for parameter 'N' (UCD = 'PHOT_IR_N:10.4')
sclsvrServer -   vobs - Test  - Execute: Step 6 - number of returned stars = 2
sclsvrServer -   vobs - Test  - Execute: Step 6 - Performing UPDATE_ONLY action with 2 stars
sclsvrServer -   vobs - Test  - Merge: list [1 stars] with criteria - input list [2 stars]
sclsvrServer -   vobs - Test  - Merge: Criteria 1 on property[POS_EQ_RA_MAIN] with range = 0.000277778
sclsvrServer -   vobs - Test  - Merge: Criteria 2 on property[POS_EQ_DEC_MAIN] with range = 0.000277778
sclsvrServer -   vobs - Test  - Merge: crossmatch algorithm using the closest star among the star list for each reference star
sclsvrServer -   vobs - Test  - process subList size = 2 (same targetId)
sclsvrServer -   vobs - Test  - Star index [2 stars]
sclsvrServer -   vobs - Test  - Star    1: key = 0.000158355, star = 'Coordinates-ra=03 47 29.1/dec=+24 06 18'
sclsvrServer -   vobs - Test  - Star    2: key = 0.000158355, star = 'Coordinates-ra=03 47 29.1/dec=+24 06 18'
sclsvrServer -   vobs - Test  - Merge: done = 0 stars added / 1 found / 1 updated / 1 skipped.
sclsvrServer -   vobs - Test  - Merge: Property 'R' [PHOT_JHN_R] updated 1 times
sclsvrServer -   vobs - Test  - Merge: Property 'I' [PHOT_JHN_I] updated 1 times
sclsvrServer -   vobs - Test  - Merge: Property 'L' [PHOT_JHN_L] updated 1 times
sclsvrServer -   vobs - Test  - Execute: Step 6 - after UPDATE_ONLY, 1 stars
sclsvrServer -   vobs - Test  - Execute: Step 7 - Consulting II/225/catalog ...
sclsvrServer -   vobs - Test  - Execute: Step 7 - Optimized ConeSearchRadius = 1.0 arcsec
sclsvrServer -   vobs - Test  - Get XML document from 'http://vizier.u-strasbg.fr/viz-bin/asu-xml?' with POST data '-source=II/225/catalog&-out.meta=hudU1&-oc.form=sexa&-c.eq=J2000&-out.add=_RAJ2000&-out.add=_DEJ2000&-oc=hms&-out.max=1000&-sort=_r&-file=-c&-c.rs=1.0&-out.add=_1&-out=lambda&-out=F(IR)&x_F(IR)=M&lambda=1.25,1.65,2.20,3.5,5.0,10.0&-out.form=List&-c=%3C%3C%3D%3D%3D%3DLIST&056.871167%2b24.105139&%3D%3D%3D%3DLIST'
sclsvrServer -   vobs - Test  - Parsing XML document (2647 bytes)
sclsvrServer -   vobs - Test  - No CDATA section in XML document.
sclsvrServer -   vobs - Test  - Execute: Step 7 - number of returned stars = 0
sclsvrServer -   vobs - Test  - Execute: Step 7 - Performing UPDATE_ONLY action with 0 stars
sclsvrServer -   vobs - Test  - Execute: Step 7 - after UPDATE_ONLY, 1 stars
sclsvrServer -   vobs - Test  - Execute: Step 8 - Consulting I/196/main ...
sclsvrServer -   vobs - Test  - Execute: Step 8 - Optimized ConeSearchRadius = 3.0 arcsec
sclsvrServer -   vobs - Test  - Get XML document from 'http://vizier.u-strasbg.fr/viz-bin/asu-xml?' with POST data '-source=I/196/main&-out.meta=hudU1&-oc.form=sexa&-c.eq=J2000&-out.add=_RAJ2000&-out.add=_DEJ2000&-oc=hms&-out.max=1000&-sort=_r&-file=-c&-c.rs=3.0&-out.add=_1&-out=HD&-out=GLAT&-out=GLON&-out=RV&-out.form=List&-c=%3C%3C%3D%3D%3D%3DLIST&056.871167%2b24.105139&%3D%3D%3D%3DLIST'
sclsvrServer -   vobs - Test  - Parsing XML document (3239 bytes)
sclsvrServer -   vobs - Test  - Extracting data from CDATA section (1 rows)
sclsvrServer -   vobs - Test  - Extract: Property / Parameter mapping for catalog 'I/196/main':
sclsvrServer -   vobs - Test  - Extract: Property 'TARGET_ID' [ID_TARGET] found for parameter '_1' (UCD = 'ID_TARGET')
sclsvrServer -   vobs - Test  - Extract: Property 'RAJ2000' [POS_EQ_RA_MAIN] found for parameter '_RAJ2000' (UCD = 'POS_EQ_RA_MAIN')
sclsvrServer -   vobs - Test  - Extract: Property 'DEJ2000' [POS_EQ_DEC_MAIN] found for parameter '_DEJ2000' (UCD = 'POS_EQ_DEC_MAIN')
sclsvrServer -   vobs - Test  - Extract: Property 'HD' [ID_HD] found for parameter 'HD' (UCD = 'ID_ALTERNATIVE')
sclsvrServer -   vobs - Test  - Extract: Property 'GLAT' [POS_GAL_LAT] found for parameter 'GLAT' (UCD = 'POS_GAL_LAT')
sclsvrServer -   vobs - Test  - Extract: Property 'GLON' [POS_GAL_LON] found for parameter 'GLON' (UCD = 'POS_GAL_LON')
sclsvrServer -   vobs - Test  - Extract: Property 'RadVel' [VELOC_HC] found for parameter 'RV' (UCD = 'VELOC_HC')
sclsvrServer -   vobs - Test  - Execute: Step 8 - number of returned stars = 1
sclsvrServer -   vobs - Test  - Execute: Step 8 - Performing UPDATE_ONLY action with 1 stars
sclsvrServer -   vobs - Test  - Merge: list [1 stars] with criteria - input list [1 stars]
sclsvrServer -   vobs - Test  - Merge: Criteria 1 on property[POS_EQ_RA_MAIN] with range = 0.000833333
sclsvrServer -   vobs - Test  - Merge: Criteria 2 on property[POS_EQ_DEC_MAIN] with range = 0.000833333
sclsvrServer -   vobs - Test  - Merge: Criteria 3 on property[ID_HD] with range = 0.000000000
sclsvrServer -   vobs - Test  - Merge: crossmatch algorithm using the closest star among the star list for each reference star
sclsvrServer -   vobs - Test  - Merge: done = 0 stars added / 1 found / 1 updated / 0 skipped.
sclsvrServer -   vobs - Test  - Merge: Property 'RadVel' [VELOC_HC] updated 1 times
sclsvrServer -   vobs - Test  - Execute: Step 8 - after UPDATE_ONLY, 1 stars
sclsvrServer -   vobs - Test  - Execute: Step 9 - Consulting V/50/catalog ...
sclsvrServer -   vobs - Test  - Execute: Step 9 - Optimized ConeSearchRadius = 3.0 arcsec
sclsvrServer -   vobs - Test  - Get XML document from 'http://vizier.u-strasbg.fr/viz-bin/asu-xml?' with POST data '-source=V/50/catalog&-out.meta=hudU1&-oc.form=sexa&-c.eq=J2000&-out.add=_RAJ2000&-out.add=_DEJ2000&-oc=hms&-out.max=1000&-sort=_r&-file=-c&-c.rs=3.0&-out.add=_1&-out=HD&-out=RotVel&-out.form=List&-c=%3C%3C%3D%3D%3D%3DLIST&056.871167%2b24.105139&%3D%3D%3D%3DLIST'
sclsvrServer -   vobs - Test  - Parsing XML document (2865 bytes)
sclsvrServer -   vobs - Test  - Extracting data from CDATA section (1 rows)
sclsvrServer -   vobs - Test  - Extract: Property / Parameter mapping for catalog 'V/50/catalog':
sclsvrServer -   vobs - Test  - Extract: Property 'TARGET_ID' [ID_TARGET] found for parameter '_1' (UCD = 'ID_TARGET')
sclsvrServer -   vobs - Test  - Extract: Property 'RAJ2000' [POS_EQ_RA_MAIN] found for parameter '_RAJ2000' (UCD = 'POS_EQ_RA_MAIN')
sclsvrServer -   vobs - Test  - Extract: Property 'DEJ2000' [POS_EQ_DEC_MAIN] found for parameter '_DEJ2000' (UCD = 'POS_EQ_DEC_MAIN')
sclsvrServer -   vobs - Test  - Extract: Property 'HD' [ID_HD] found for parameter 'HD' (UCD = 'ID_ALTERNATIVE')
sclsvrServer -   vobs - Test  - Extract: Property 'RotVel' [VELOC_ROTAT] found for parameter 'RotVel' (UCD = 'VELOC_ROTAT')
sclsvrServer -   vobs - Test  - Execute: Step 9 - number of returned stars = 1
sclsvrServer -   vobs - Test  - Execute: Step 9 - Performing UPDATE_ONLY action with 1 stars
sclsvrServer -   vobs - Test  - Merge: list [1 stars] with criteria - input list [1 stars]
sclsvrServer -   vobs - Test  - Merge: Criteria 1 on property[POS_EQ_RA_MAIN] with range = 0.000833333
sclsvrServer -   vobs - Test  - Merge: Criteria 2 on property[POS_EQ_DEC_MAIN] with range = 0.000833333
sclsvrServer -   vobs - Test  - Merge: Criteria 3 on property[ID_HD] with range = 0.000000000
sclsvrServer -   vobs - Test  - Merge: crossmatch algorithm using the closest star among the star list for each reference star
sclsvrServer -   vobs - Test  - Merge: done = 0 stars added / 1 found / 1 updated / 0 skipped.
sclsvrServer -   vobs - Test  - Merge: Property 'RotVel' [VELOC_ROTAT] updated 1 times
sclsvrServer -   vobs - Test  - Execute: Step 9 - after UPDATE_ONLY, 1 stars
sclsvrServer -   vobs - Test  - Execute: Step 10 - Consulting V/36B/bsc4s ...
sclsvrServer -   vobs - Test  - Execute: Step 10 - Optimized ConeSearchRadius = 3.0 arcsec
sclsvrServer -   vobs - Test  - Get XML document from 'http://vizier.u-strasbg.fr/viz-bin/asu-xml?' with POST data '-source=V/36B/bsc4s&-out.meta=hudU1&-oc.form=sexa&-c.eq=J2000&-out.add=_RAJ2000&-out.add=_DEJ2000&-oc=hms&-out.max=1000&-sort=_r&-file=-c&-c.rs=3.0&-out.add=_1&-out=HD&-out=vsini&-out.form=List&-c=%3C%3C%3D%3D%3D%3DLIST&056.871167%2b24.105139&%3D%3D%3D%3DLIST'
sclsvrServer -   vobs - Test  - Parsing XML document (2719 bytes)
sclsvrServer -   vobs - Test  - No CDATA section in XML document.
sclsvrServer -   vobs - Test  - Execute: Step 10 - number of returned stars = 0
sclsvrServer -   vobs - Test  - Execute: Step 10 - Performing UPDATE_ONLY action with 0 stars
sclsvrServer -   vobs - Test  - Execute: Step 10 - after UPDATE_ONLY, 1 stars
sclsvrServer -   vobs - Test  - Execute: Step 11 - Consulting B/sb9/main ...
sclsvrServer -   vobs - Test  - Execute: Step 11 - Optimized ConeSearchRadius = 1.0 arcsec
sclsvrServer -   vobs - Test  - Get XML document from 'http://vizier.u-strasbg.fr/viz-bin/asu-xml?' with POST data '-source=B/sb9/main&-out.meta=hudU1&-oc.form=sexa&-c.eq=J2000&-out.add=_RAJ2000&-out.add=_DEJ2000&-oc=hms&-out.max=1000&-sort=_r&-file=-c&-c.rs=1.0&-out.add=_1&-out=Seq&-out.form=List&-c=%3C%3C%3D%3D%3D%3DLIST&056.871167%2b24.105139&%3D%3D%3D%3DLIST'
sclsvrServer -   vobs - Test  - Parsing XML document (2393 bytes)
sclsvrServer -   vobs - Test  - No CDATA section in XML document.
sclsvrServer -   vobs - Test  - Execute: Step 11 - number of returned stars = 0
sclsvrServer -   vobs - Test  - Execute: Step 11 - Performing UPDATE_ONLY action with 0 stars
sclsvrServer -   vobs - Test  - Execute: Step 11 - after UPDATE_ONLY, 1 stars
sclsvrServer -   vobs - Test  - Execute: Step 12 - Consulting B/wds/wds ...
sclsvrServer -   vobs - Test  - Execute: Step 12 - Optimized ConeSearchRadius = 1.0 arcsec
sclsvrServer -   vobs - Test  - Get XML document from 'http://vizier.u-strasbg.fr/viz-bin/asu-xml?' with POST data '-source=B/wds/wds&-out.meta=hudU1&-oc.form=sexa&-c.eq=J2000&-out.add=_RAJ2000&-out.add=_DEJ2000&-oc=hms&-out.max=1000&-file=-c&-c.rs=1.0&-out.add=_1&-out=WDS&-out=sep1&-out=sep2&-out.form=List&-c=%3C%3C%3D%3D%3D%3DLIST&056.871167%2b24.105139&%3D%3D%3D%3DLIST'
sclsvrServer -   vobs - Test  - Parsing XML document (3621 bytes)
sclsvrServer -   vobs - Test  - Extracting data from CDATA section (7 rows)
sclsvrServer -   vobs - Test  - Extract: Property / Parameter mapping for catalog 'B/wds/wds':
sclsvrServer -   vobs - Test  - Extract: Property 'TARGET_ID' [ID_TARGET] found for parameter '_1' (UCD = 'ID_TARGET')
sclsvrServer -   vobs - Test  - Extract: Property 'RAJ2000' [POS_EQ_RA_MAIN] found for parameter '_RAJ2000' (UCD = 'POS_EQ_RA_MAIN')
sclsvrServer -   vobs - Test  - Extract: Property 'DEJ2000' [POS_EQ_DEC_MAIN] found for parameter '_DEJ2000' (UCD = 'POS_EQ_DEC_MAIN')
sclsvrServer -   vobs - Test  - Extract: Property 'WDS' [ID_WDS] found for parameter 'WDS' (UCD = 'ID_MAIN')
sclsvrServer -   vobs - Test  - Extract: Property 'sep1' [ORBIT_SEPARATION_SEP1] found for parameter 'sep1' (UCD = 'ORBIT_SEPARATION')
sclsvrServer -   vobs - Test  - Extract: Property 'sep2' [ORBIT_SEPARATION_SEP2] found for parameter 'sep2' (UCD = 'ORBIT_SEPARATION')
sclsvrServer -   vobs - Test  - Execute: Step 12 - number of returned stars = 7
sclsvrServer -   vobs - Test  - Execute: Step 12 - Performing UPDATE_ONLY action with 7 stars
sclsvrServer -   vobs - Test  - Merge: list [1 stars] with criteria - input list [7 stars]
sclsvrServer -   vobs - Test  - Merge: Criteria 1 on property[POS_EQ_RA_MAIN] with range = 0.000277778
sclsvrServer -   vobs - Test  - Merge: Criteria 2 on property[POS_EQ_DEC_MAIN] with range = 0.000277778
sclsvrServer -   vobs - Test  - Merge: crossmatch algorithm using the closest star among the star list for each reference star
sclsvrServer -   vobs - Test  - process subList size = 7 (same targetId)
sclsvrServer -   vobs - Test  - Star index [7 stars]
sclsvrServer -   vobs - Test  - Star    1: key = 0.000112830, star = 'Coordinates-ra=03 47 29.06/dec=+24 06 18.8'
sclsvrServer -   vobs - Test  - Star    2: key = 0.000112830, star = 'Coordinates-ra=03 47 29.06/dec=+24 06 18.8'
sclsvrServer -   vobs - Test  - Star    3: key = 0.000112830, star = 'Coordinates-ra=03 47 29.06/dec=+24 06 18.8'
sclsvrServer -   vobs - Test  - Star    4: key = 0.000112830, star = 'Coordinates-ra=03 47 29.06/dec=+24 06 18.8'
sclsvrServer -   vobs - Test  - Star    5: key = 0.000112830, star = 'Coordinates-ra=03 47 29.06/dec=+24 06 18.8'
sclsvrServer -   vobs - Test  - Star    6: key = 0.000112830, star = 'Coordinates-ra=03 47 29.06/dec=+24 06 18.8'
sclsvrServer -   vobs - Test  - Star    7: key = 0.000112830, star = 'Coordinates-ra=03 47 29.06/dec=+24 06 18.8'
sclsvrServer -   vobs - Test  - Merge: done = 0 stars added / 1 found / 1 updated / 6 skipped.
sclsvrServer -   vobs - Test  - Merge: Property 'WDS' [ID_WDS] updated 1 times
sclsvrServer -   vobs - Test  - Merge: Property 'sep1' [ORBIT_SEPARATION_SEP1] updated 1 times
sclsvrServer -   vobs - Test  - Merge: Property 'sep2' [ORBIT_SEPARATION_SEP2] updated 1 times
sclsvrServer -   vobs - Test  - Execute: Step 12 - after UPDATE_ONLY, 1 stars
sclsvrServer -   vobs - Test  - Execute: Step 13 - Consulting II/297/irc ...
sclsvrServer -   vobs - Test  - Execute: Step 13 - Optimized ConeSearchRadius = 3.0 arcsec
sclsvrServer -   vobs - Test  - Get XML document from 'http://vizier.u-strasbg.fr/viz-bin/asu-xml?' with POST data '-source=II/297/irc&-out.meta=hudU1&-oc.form=sexa&-c.eq=J2000&-out.add=_RAJ2000&-out.add=_DEJ2000&-oc=hms&-out.max=1000&-sort=_r&-file=-c&-c.rs=3.0&-out.add=_1&-out=objID&-out=S09&-out=e_S09&-out=S18&-out=e_S18&-out.form=List&-c=%3C%3C%3D%3D%3D%3DLIST&056.871167%2b24.105139&%3D%3D%3D%3DLIST'
sclsvrServer -   vobs - Test  - Parsing XML document (3551 bytes)
sclsvrServer -   vobs - Test  - Extracting data from CDATA section (1 rows)
sclsvrServer -   vobs - Test  - Extract: Property / Parameter mapping for catalog 'II/297/irc':
sclsvrServer -   vobs - Test  - Extract: Property 'TARGET_ID' [ID_TARGET] found for parameter '_1' (UCD = 'ID_TARGET')
sclsvrServer -   vobs - Test  - Extract: Property 'RAJ2000' [POS_EQ_RA_MAIN] found for parameter '_RAJ2000' (UCD = 'POS_EQ_RA_MAIN')
sclsvrServer -   vobs - Test  - Extract: Property 'DEJ2000' [POS_EQ_DEC_MAIN] found for parameter '_DEJ2000' (UCD = 'POS_EQ_DEC_MAIN')
sclsvrServer -   vobs - Test  - Extract: Property 'AKARI' [ID_AKARI] found for parameter 'objID' (UCD = 'ID_NUMBER')
sclsvrServer -   vobs - Test  - Extract: Property 'S09' [PHOT_FLUX_IR_9] found for parameter 'S09' (UCD = 'PHOT_FLUX_IR_9')
sclsvrServer -   vobs - Test  - Extract: Property 'e_S09' [PHOT_FLUX_IR_9_ERROR] found for parameter 'e_S09' (UCD = 'ERROR')
sclsvrServer -   vobs - Test  - Extract: Property 'S18' [PHOT_FLUX_IR_18] found for parameter 'S18' (UCD = 'PHOT_FLUX_IR_25')
sclsvrServer -   vobs - Test  - Extract: Property 'e_S18' [PHOT_FLUX_IR_18_ERROR] found for parameter 'e_S18' (UCD = 'ERROR')
sclsvrServer -   vobs - Test  - Execute: Step 13 - number of returned stars = 1
sclsvrServer -   vobs - Test  - Execute: Step 13 - Performing UPDATE_ONLY action with 1 stars
sclsvrServer -   vobs - Test  - Merge: list [1 stars] with criteria - input list [1 stars]
sclsvrServer -   vobs - Test  - Merge: Criteria 1 on property[POS_EQ_RA_MAIN] with range = 0.000833333
sclsvrServer -   vobs - Test  - Merge: Criteria 2 on property[POS_EQ_DEC_MAIN] with range = 0.000833333
sclsvrServer -   vobs - Test  - Merge: crossmatch algorithm using the closest star among the star list for each reference star
sclsvrServer -   vobs - Test  - Merge: done = 0 stars added / 1 found / 1 updated / 0 skipped.
sclsvrServer -   vobs - Test  - Merge: Property 'AKARI' [ID_AKARI] updated 1 times
sclsvrServer -   vobs - Test  - Merge: Property 'S09' [PHOT_FLUX_IR_9] updated 1 times
sclsvrServer -   vobs - Test  - Merge: Property 'e_S09' [PHOT_FLUX_IR_9_ERROR] updated 1 times
sclsvrServer -   vobs - Test  - Merge: Property 'S18' [PHOT_FLUX_IR_18] updated 1 times
sclsvrServer -   vobs - Test  - Merge: Property 'e_S18' [PHOT_FLUX_IR_18_ERROR] updated 1 times
sclsvrServer -   vobs - Test  - Execute: Step 13 - after UPDATE_ONLY, 1 stars
sclsvrServer -   vobs - Info  - Execute: done = 1 star(s) found.
sclsvrServer -   vobs - Test  - Search: done = Number of stars found : 1
sclsvrServer - sclsvr - Test  - Complete: star 'HD 23630'
sclsvrServer -    alx - Test  - Parsed spectral type = 'B7III' - Our spectral type = 'B7.0III' : Code = 'B', Sub-type Quantity = '7.00', Luminosity Class = 'III', Is Double  = 'NO', Is Spectral Binary = 'NO', Is Variable = 'NO'
sclsvrServer -    alx - Test  - Type of star = GIANT
sclsvrServer - sclsvr - Test  - IR Fluxes: akari measured fnu_9 = 4.707000; computed fnu_12 = 2.262280, fnu_18 = 1.013784
sclsvrServer - sclsvr - Test  - IR Fluxes: computed magN = 3.087109
sclsvrServer - sclsvr - Test  - star 'HD 23630' - parallax 8.73(0.99) is OK...
sclsvrServer -    alx - Test  - RA/DEC - GLat/GLong = 0.992589 / 0.420714 radians - -23.454 / 166.665 degrees
sclsvrServer -    alx - Test  - GLon/dist/Av = 166.668 / 0.115 / 0.099
sclsvrServer -    alx - Test  - Corrected magnitudes: B = 2.677 (HIGH), V = 2.770 (HIGH), R = 2.766 (HIGH), I = 2.830 (HIGH), J = 2.707 (HIGH), H = 2.718 (HIGH), K = 2.651 (HIGH), L = 2.894 (HIGH), M = 0.000 (NO)
sclsvrServer -    alx - Test  - Type of star = GIANT
sclsvrServer -    alx - Test  - Computed magnitudes (bright): B = 2.677 (HIGH), V = 2.770 (HIGH), R = 2.766 (HIGH), I = 2.830 (HIGH), J = 2.707 (HIGH), H = 2.718 (HIGH), K = 2.651 (HIGH), L = 2.894 (HIGH), M = 0.000 (NO)
sclsvrServer -    alx - Test  - Apparent magnitudes: B = 2.808, V = 2.869, R = 2.840, I = 2.880, J = 2.983, H = 2.735, K = 2.662, L = 2.900, M = 0.000
sclsvrServer -    alx - Test  - Diameter BV = 0.699(0.0559), VR = 0.788(0.0765), VK = 0.947(0.0654)
sclsvrServer -    alx - Test  - Confidence index = HIGH
sclsvrServer -    alx - Test  - Diam = 0.947 (0.065) - base = 1.0 - wlen= 1.000
sclsvrServer -    alx - Test  - V(dV), V2(dV2) = 0.999974 (0.000004), 0.999948 (0.000007)
sclsvrServer - sclsvr - Test  - Computing UDs for LD = '0.947137', Teff = '12000.000000', LogG = '3.378000' ...
sclsvrServer -    alx - Test  - Computed UD: U = 0.911268, B = 0.908177, V = 0.914089, R = 0.921111, I = 0.926724, J = 0.932547, H = 0.935761, K = 0.937678, L = 0.942067, N = 0.944509
sclsvrServer -   vobs - Test  - GetVotable: buffer size = 95071 / 112052 bytes
