Info  - 2018-06-18T11:39:01.887819 - alxAngularDiameter.c:111 - Loading /home/users/mellag/MCSTOP/DEVELOPMENT/config/alxAngDiamPolynomial.cfg ...
Info  - 2018-06-18T11:39:01.887984 - alxAngularDiameter.c:212 - Loading /home/users/mellag/MCSTOP/DEVELOPMENT/config/alxAngDiamPolynomialCovariance.cfg ...
Info  - 2018-06-18T11:39:01.888154 - alxMissingMagnitude.c:413 - Loading /home/users/mellag/MCSTOP/DEVELOPMENT/config/alxColorTableForSuperGiantStar.cfg ...
Info  - 2018-06-18T11:39:01.888881 - alxMissingMagnitude.c:413 - Loading /home/users/mellag/MCSTOP/DEVELOPMENT/config/alxColorTableForGiantStar.cfg ...
Info  - 2018-06-18T11:39:01.889699 - alxMissingMagnitude.c:413 - Loading /home/users/mellag/MCSTOP/DEVELOPMENT/config/alxColorTableForDwarfStar.cfg ...
Info  - 2018-06-18T11:39:01.890559 - alxMissingMagnitude.c:2166 - Loading /home/users/mellag/MCSTOP/DEVELOPMENT/config/alxAkariBlackBodyCorrectionTable.cfg ...
Info  - 2018-06-18T11:39:01.890689 - alxMissingMagnitude.c:2433 - Loading /home/users/mellag/MCSTOP/DEVELOPMENT/config/alxTableTeffLogg.cfg ...
Info  - 2018-06-18T11:39:01.890860 - alxInterstellarAbsorption.c:200 - Loading /home/users/mellag/MCSTOP/DEVELOPMENT/config/alxExtinctionRatioTable.cfg ...
Info  - 2018-06-18T11:39:01.890912 - alxInterstellarAbsorption.c:94 - Loading /home/users/mellag/MCSTOP/DEVELOPMENT/config/alxIntAbsPolynomial.cfg ...
Info  - 2018-06-18T11:39:01.891000 - alxResearchArea.c:102 - Loading /home/users/mellag/MCSTOP/DEVELOPMENT/config/alxStarPopulationInKBand.cfg ...
Info  - 2018-06-18T11:39:01.891299 - alxLD2UD.c:88 - Loading /home/users/mellag/MCSTOP/DEVELOPMENT/config/alxTableUDCoefficientCorrection.cfg ...
Info  - 2018-06-18T11:39:01.892578 - alxLD2UD.c:203 - Loading /home/users/mellag/MCSTOP/DEVELOPMENT/config/alxNewTableUDCoefficientCorrection.cfg ...
Info  - 2018-06-18T11:39:01.895329 - alxSedFitting.c:279 - Loading /home/users/mellag/MCSTOP/DEVELOPMENT/config/alxSedModel.cfg ...
Info  - 2018-06-18T11:39:02.238662 - vobsSTAR.cpp:1273 - vobsSTAR has defined 51 properties.
Info  - 2018-06-18T11:39:02.239036 - vobsSTAR.cpp:1347 - Saving property index XML description: /home/users/mellag/MCSTOP/data/tmp/PropertyIndex_vobsSTAR.xml
Info  - 2018-06-18T11:39:02.239190 - sclsvrCALIBRATOR.cpp:2210 - sclsvrCALIBRATOR has defined 92 properties.
Info  - 2018-06-18T11:39:02.239644 - sclsvrCALIBRATOR.cpp:2275 - Saving property index XML description: /home/users/mellag/MCSTOP/data/tmp/PropertyIndex_sclsvrCALIBRATOR.xml
Quiet - 2018-06-18T11:39:02.239768 - vobsREMOTE_CATALOG.cpp:200 - Catalogs will get VIZIER data from 'http://vizier.u-strasbg.fr/viz-bin/asu-xml?'
Quiet - 2018-06-18T11:39:02.239778 - vobsREMOTE_CATALOG.cpp:239 - vobsDevFlag: false
Info  - 2018-06-18T11:39:02.239783 - alxAngularDiameter.c:63 - alxDevFlag: false
Info  - 2018-06-18T11:39:02.240443 - vobsCATALOG.cpp:439 - Saving catalog meta XML description: /home/users/mellag/MCSTOP/data/tmp/CatalogMeta.xml
Info  - 2018-06-18T11:39:02.240730 - vobsSCENARIO.cpp:133 - Saving scenario XML description: /home/users/mellag/MCSTOP/data/tmp/Scenario_SINGLE_STAR.xml
Info  - 2018-06-18T11:39:02.240899 - vobsSCENARIO.cpp:133 - Saving scenario XML description: /home/users/mellag/MCSTOP/data/tmp/Scenario_BRIGHT_K.xml
Info  - 2018-06-18T11:39:02.241020 - vobsSCENARIO.cpp:133 - Saving scenario XML description: /home/users/mellag/MCSTOP/data/tmp/Scenario_BRIGHT_V.xml
Info  - 2018-06-18T11:39:02.241137 - vobsSCENARIO.cpp:133 - Saving scenario XML description: /home/users/mellag/MCSTOP/data/tmp/Scenario_JSDC_BRIGHT.xml
Info  - 2018-06-18T11:39:02.241217 - vobsSCENARIO.cpp:133 - Saving scenario XML description: /home/users/mellag/MCSTOP/data/tmp/Scenario_JSDC_FAINT.xml
Info  - 2018-06-18T11:39:02.241270 - vobsSCENARIO.cpp:133 - Saving scenario XML description: /home/users/mellag/MCSTOP/data/tmp/Scenario_JSDC_QUERY.xml
Info  - 2018-06-18T11:39:02.241358 - vobsSCENARIO.cpp:133 - Saving scenario XML description: /home/users/mellag/MCSTOP/data/tmp/Scenario_FAINT_K.xml
Test  - Sky coordinates: RA=-167.0 - DEC=-63.1 deg
Test  - Magnitude range=5.0..12.0
Test  - RA/DEC= -2.914807 / -1.102039 rad GLat/GLon= -0.272 / 302.990 deg
Test  - Magnitude [5.0 - 12.0], range used => [5.5 - 12.0]
Test  - Number of estimated stars into 1 degree solid angle circle=31083
Test  - Nb of star for this sky area=31083
Test  - Sky research area size=0.00 deg
Test  - Sky research radius=1.20 arcmin
Test  - Sky research radius=1.20 arcmin
Info  - Scenario[UNDEF] Execute() start
Test  - Execute: Step 1 - inputList[NONE] action[CLEAR_MERGE]
Test  - Execute: Step 1 - Querying II/246/out [2MASS] ...
Test  - Search: Cone search area=2 arcmin
Test  - Search: Magnitude K range=5.00..12.00
Test  - Get XML document [0] from 'http://vizier.u-strasbg.fr/viz-bin/asu-xml?' with POST data: -source=II/246/out&-out.meta=hudU1&-oc.form=sexa&-c.eq=J2000&-out.add=_RAJ2000&-out.add=_DEJ2000&-oc=hms&-out.max=1000&-sort=_r&-c=192.993875-63.142194&-c.rm=2&Kmag=5.00..12.00&-out=2MASS&-out=JD&-out=opt&-out=Qflg&-out=Jmag&-out=e_Jmag&-out=Hmag&-out=e_Hmag&-out=Kmag&-out=e_Kmag
Test  - Parsing XML document (9264 bytes)
Test  - Extracting data from CDATA section (41 rows)
Test  - Extract: Property / Parameter mapping for catalog 'II/246/out':
Test  - Extract: Property 'RAJ2000' [POS_EQ_RA_MAIN] found for parameter '_RAJ2000' (UCD='POS_EQ_RA_MAIN')
Test  - Extract: Property 'DEJ2000' [POS_EQ_DEC_MAIN] found for parameter '_DEJ2000' (UCD='POS_EQ_DEC_MAIN')
Test  - Extract: Property '2MASS' [ID_2MASS] found for parameter '2MASS' (UCD='ID_MAIN')
Test  - Extract: Property 'jd' [TIME_DATE] found for parameter 'JD' (UCD='TIME_DATE')
Test  - Extract: Property 'opt' [ID_CATALOG] found for parameter 'opt' (UCD='ID_CATALOG')
Test  - Extract: Property 'Qflag' [CODE_QUALITY] found for parameter 'Qflg' (UCD='CODE_QUALITY')
Test  - Extract: Property 'J' [PHOT_JHN_J] found for parameter 'Jmag' (UCD='PHOT_JHN_J')
Test  - Extract: Property 'e_J' [PHOT_JHN_J_ERROR] found for parameter 'e_Jmag' (UCD='ERROR')
Test  - Extract: Property 'H' [PHOT_JHN_H] found for parameter 'Hmag' (UCD='PHOT_JHN_H')
Test  - Extract: Property 'e_H' [PHOT_JHN_H_ERROR] found for parameter 'e_Hmag' (UCD='ERROR')
Test  - Extract: Property 'K' [PHOT_JHN_K] found for parameter 'Kmag' (UCD='PHOT_JHN_K')
Test  - Extract: Property 'e_K' [PHOT_JHN_K_ERROR] found for parameter 'e_Kmag' (UCD='ERROR')
Info  - ProcessList_MASS: list Size=41
Test  - Star '2MASS 12520446-6307273' clear property PHOT_JHN_J (bad quality='U')
Test  - Star '2MASS 12520446-6307273' clear property PHOT_JHN_K (bad quality='U')
Test  - Star '2MASS 12514977-6309425' clear property PHOT_JHN_J (bad quality='U')
Test  - Star '2MASS 12514775-6307053' clear property PHOT_JHN_H (bad quality='U')
Test  - Star '2MASS 12514775-6307053' clear property PHOT_JHN_K (bad quality='U')
Test  - Star '2MASS 12515257-6306427' clear property PHOT_JHN_K (bad quality='U')
Test  - Star '2MASS 12515304-6306401' clear property PHOT_JHN_K (bad quality='U')
Test  - Execute: Step 1 - number of returned stars=41
Test  - FilterDuplicates: list [0 stars] with criteria - input list [41 stars]
Test  - FilterDuplicates: Criteria 1 on property[POS_EQ_RA_MAIN] with range = 0.000694444
Test  - FilterDuplicates: Criteria 2 on property[POS_EQ_DEC_MAIN] with range = 0.000694444
Test  - FilterDuplicates: filter search radius=5.0 arcsec
Test  - FilterDuplicates: done: 41 unique stars / 0 duplicates found : 0 different stars.
Test  - Execute: Step 1 - outputList[Check]
Test  - Execute: Step 1 - Performing action[CLEAR_MERGE] with 41 stars
Test  - Execute: Step 1 - CLEAR outputList[Check]
Test  - Merge: list [Check][0 stars] with criteria << input list [Temporary_1][41 stars]
Test  - Merge: Criteria 1 on property[POS_EQ_RA_MAIN] with range = 0.000694444
Test  - Merge: Criteria 2 on property[POS_EQ_DEC_MAIN] with range = 0.000694444
Test  - Merge:  work list [Check] catalog id: 'NO CATALOG'
Test  - Merge: input list [Temporary_1] catalog id: 'II/246/out'
Test  - Merge: crossmatch [CLOSEST_ALL_STARS]
Test  - Merge:  work list [Check] catalog id: 'II/246/out'
Test  - Merge: done: 41 stars added / 0 found / 0 updated / 0 skipped (0 skipped targetId).
Test  - Execute: Step 1 - after action[CLEAR_MERGE]: 41 stars
Test  - Execute: resultList[Primary]
Info  - Scenario[UNDEF] Execute() done: 41 star(s) found.
Test  - Scenario[UNDEF] Property usage by catalogs
Test  - Property 'CODE_QUALITY' [Qflag]: II/246/out	
Test  - Property 'ID_2MASS' [2MASS]: II/246/out	
Test  - Property 'ID_CATALOG' [opt]: II/246/out	
Test  - Property 'PHOT_JHN_H' [H]: II/246/out	
Test  - Property 'PHOT_JHN_H_ERROR' [e_H]: II/246/out	
Test  - Property 'PHOT_JHN_J' [J]: II/246/out	
Test  - Property 'PHOT_JHN_J_ERROR' [e_J]: II/246/out	
Test  - Property 'PHOT_JHN_K' [K]: II/246/out	
Test  - Property 'PHOT_JHN_K_ERROR' [e_K]: II/246/out	
Test  - Property 'POS_EQ_DEC_MAIN' [DEJ2000]: II/246/out	
Test  - Property 'POS_EQ_RA_MAIN' [RAJ2000]: II/246/out	
Test  - Property 'TIME_DATE' [jd]: II/246/out	
Test  - Search: start
Info  - Scenario[FAINT_K] Execute() start
Test  - Execute: Step 1 - inputList[Primary] action[CLEAR_MERGE]
Test  - Execute: Step 1 - outputList[S1]
Test  - Execute: Step 1 - Performing action[CLEAR_MERGE] with 41 stars
Test  - Execute: Step 1 - CLEAR outputList[S1]
Test  - Merge: list [S1][0 stars] with criteria << input list [Temporary_1][41 stars]
Test  - Merge: Criteria 1 on property[POS_EQ_RA_MAIN] with range = 0.000416667
Test  - Merge: Criteria 2 on property[POS_EQ_DEC_MAIN] with range = 0.000416667
Test  - Merge:  work list [S1] catalog id: 'NO CATALOG'
Test  - Merge: input list [Temporary_1] catalog id: 'II/246/out'
Test  - Merge: crossmatch [CLOSEST_ALL_STARS]
Test  - Merge:  work list [S1] catalog id: 'II/246/out'
Test  - Merge: done: 41 stars added / 0 found / 0 updated / 0 skipped (0 skipped targetId).
Test  - Execute: Step 1 - after action[CLEAR_MERGE]: 41 stars
Test  - Execute: Step 1 - apply FILTER[Opt = T filter]
Test  - Execute: Step 1 - after FILTER[Opt = T filter]: 1 stars
Test  - Execute: Step 2 - inputList[S1] action[UPDATE_ONLY]
Test  - Execute: Step 2 - Querying I/280 [ASCC] ...
Test  - Execute: Step 2 - optimized cone search radius=1.5 arcsec
Test  - Search: input list [Temporary_1] catalog id: 'II/246/out'
Test  - Search: catalog id: 'I/280'
Test  - Search: Cone search area=19.3 arcsec
Test  - Get XML document [0] from 'http://vizier.u-strasbg.fr/viz-bin/asu-xml?' with POST data: -source=I/280&-out.meta=hudU1&-oc.form=sexa&-c.eq=J2000&-out.add=_RAJ2000&-out.add=_DEJ2000&-oc=hms&-out.max=1000&-sort=_r&-c.rs=19.3&-out.add=_1&-file=-c&-out=e_RAJ2000&-out=e_DEJ2000&-out=HIP&-out=HD&-out=DM&-out=TYC1&-out=TYC2&-out=TYC3&-out=pmRA&-out=e_pmRA&-out=pmDE&-out=e_pmDE&-out=SpType&-out=Bmag&-out=e_Bmag&-out=Vmag&-out=e_Vmag&-out=v1&-out=v2&-out=v3&-out=d5&-out.form=List&-c=%3C%3C%3D%3D%3D%3DLIST&192.993828-63.142170&%3D%3D%3D%3DLIST
Test  - Parsing XML document (7557 bytes)
Test  - Extracting data from CDATA section (1 rows)
Test  - Extract: Property / Parameter mapping for catalog 'I/280':
Test  - Extract: Property 'TARGET_ID' [ID_TARGET] found for parameter '_1' (UCD='ID_TARGET')
Test  - Extract: Property 'RAJ2000' [POS_EQ_RA_MAIN] found for parameter '_RAJ2000' (UCD='POS_EQ_RA_MAIN')
Test  - Extract: Property 'DEJ2000' [POS_EQ_DEC_MAIN] found for parameter '_DEJ2000' (UCD='POS_EQ_DEC_MAIN')
Test  - Extract: Property 'e_RAJ2000' [POS_EQ_RA_ERROR] found for parameter 'e_RAJ2000' (UCD='ERROR')
Test  - Extract: Property 'e_DEJ2000' [POS_EQ_DEC_ERROR] found for parameter 'e_DEJ2000' (UCD='ERROR')
Test  - Extract: Property 'HIP' [ID_HIP] found for parameter 'HIP' (UCD='ID_ALTERNATIVE')
Test  - Extract: Property 'HD' [ID_HD] found for parameter 'HD' (UCD='ID_ALTERNATIVE')
Test  - Extract: Property 'DM' [ID_DM] found for parameter 'DM' (UCD='ID_ALTERNATIVE')
Test  - Extract: Property 'TYC1' [ID_TYC1] found for parameter 'TYC1' (UCD='ID_ALTERNATIVE')
Test  - Extract: Property 'TYC2' [ID_TYC2] found for parameter 'TYC2' (UCD='ID_ALTERNATIVE')
Test  - Extract: Property 'TYC3' [ID_TYC3] found for parameter 'TYC3' (UCD='ID_ALTERNATIVE')
Test  - Extract: Property 'pmRa' [POS_EQ_PMRA] found for parameter 'pmRA' (UCD='POS_EQ_PMRA')
Test  - Extract: Property 'e_pmRa' [POS_EQ_PMRA_ERROR] found for parameter 'e_pmRA' (UCD='ERROR')
Test  - Extract: Property 'pmDec' [POS_EQ_PMDEC] found for parameter 'pmDE' (UCD='POS_EQ_PMDEC')
Test  - Extract: Property 'e_pmDec' [POS_EQ_PMDEC_ERROR] found for parameter 'e_pmDE' (UCD='ERROR')
Test  - Extract: Property 'SpType' [SPECT_TYPE_MK] found for parameter 'SpType' (UCD='SPECT_TYPE_MK')
Test  - Extract: Property 'B' [PHOT_JHN_B] found for parameter 'Bmag' (UCD='PHOT_JHN_B')
Test  - Extract: Property 'e_B' [PHOT_JHN_B_ERROR] found for parameter 'e_Bmag' (UCD='ERROR')
Test  - Extract: Property 'V' [PHOT_JHN_V] found for parameter 'Vmag' (UCD='PHOT_JHN_V')
Test  - Extract: Property 'e_V' [PHOT_JHN_V_ERROR] found for parameter 'e_Vmag' (UCD='ERROR')
Test  - Extract: Property 'VarFlag1' [CODE_VARIAB_V1] found for parameter 'v1' (UCD='CODE_VARIAB')
Test  - Extract: Property 'VarFlag2' [CODE_VARIAB_V2] found for parameter 'v2' (UCD='CODE_VARIAB')
Test  - Extract: Property 'VarFlag3' [VAR_CLASS] found for parameter 'v3' (UCD='VAR_CLASS')
Test  - Extract: Property 'MultFlag' [CODE_MULT_FLAG] found for parameter 'd5' (UCD='CODE_MULT_FLAG')
Test  - Execute: Step 2 - number of returned stars=1
Test  - Execute: Step 2 - outputList[S1]
Test  - Execute: Step 2 - Performing action[UPDATE_ONLY] with 1 stars
Test  - Merge: list [S1][1 stars] with criteria << input list [Temporary_1][1 stars]
Test  - Merge: Criteria 1 on property[POS_EQ_RA_MAIN] with range = 0.000416667
Test  - Merge: Criteria 2 on property[POS_EQ_DEC_MAIN] with range = 0.000416667
Test  - Merge:  work list [S1] catalog id: 'II/246/out'
Test  - Merge: input list [Temporary_1] catalog id: 'I/280'
Test  - Merge: crossmatch [CLOSEST_REF_STAR]
Test  - Merge: precess reference star with candidate stars
Test  - Merge: precess using JD in epoch range [1997.430 2001.130]
Test  - Merge:  work list [S1] catalog id: 'MIXED CATALOG'
Test  - Merge: done: 0 stars added / 1 found / 1 updated / 0 skipped (0 skipped targetId).
Test  - Merge: Property 'HD' [ID_HD] updated 1 times
Test  - Merge: Property 'TYC1' [ID_TYC1] updated 1 times
Test  - Merge: Property 'TYC2' [ID_TYC2] updated 1 times
Test  - Merge: Property 'TYC3' [ID_TYC3] updated 1 times
Test  - Merge: Property 'RAJ2000' [POS_EQ_RA_MAIN] updated 1 times
Test  - Merge: Property 'DEJ2000' [POS_EQ_DEC_MAIN] updated 1 times
Test  - Merge: Property 'pmRa' [POS_EQ_PMRA] updated 1 times
Test  - Merge: Property 'pmDec' [POS_EQ_PMDEC] updated 1 times
Test  - Merge: Property 'SpType' [SPECT_TYPE_MK] updated 1 times
Test  - Merge: Property 'VarFlag2' [CODE_VARIAB_V2] updated 1 times
Test  - Merge: Property 'B' [PHOT_JHN_B] updated 1 times
Test  - Merge: Property 'V' [PHOT_JHN_V] updated 1 times
Test  - Execute: Step 2 - after action[UPDATE_ONLY]: 1 stars
Test  - Execute: Step 3 - inputList[S1] action[UPDATE_ONLY]
Test  - Execute: Step 3 - Querying I/311/hip2 [HIP2] ...
Test  - Execute: Step 3 - optimized cone search radius=1.5 arcsec
Test  - Search: input list [Temporary_1] catalog id: 'MIXED CATALOG'
Test  - Search: catalog id: 'I/311/hip2'
Test  - Search: Cone search area=1.6 arcsec
Test  - Get XML document [0] from 'http://vizier.u-strasbg.fr/viz-bin/asu-xml?' with POST data: -source=I/311/hip2&-out.meta=hudU1&-oc.form=sexa&-c.eq=J2000&-out.add=_RAJ2000&-out.add=_DEJ2000&-oc=hms&-out.max=1000&-sort=_r&-c.rs=1.6&-out.add=_1&-file=-c&-out=HIP&-out=e_RArad&-out=e_DErad&-out=pmRA&-out=e_pmRA&-out=pmDE&-out=e_pmDE&-out=Plx&-out=e_Plx&-out.form=List&-c=%3C%3C%3D%3D%3D%3DLIST&192.993844-63.142196&%3D%3D%3D%3DLIST
Test  - Parsing XML document (4240 bytes)
Test  - No CDATA section in XML document.
Test  - Execute: Step 3 - number of returned stars=0
Test  - Execute: Step 3 - outputList[S1]
Test  - Execute: Step 3 - Performing action[UPDATE_ONLY] with 0 stars
Test  - Execute: Step 3 - after action[UPDATE_ONLY]: 1 stars
Test  - Execute: Step 4 - inputList[S1] action[UPDATE_ONLY]
Test  - Execute: Step 4 - Querying I/239/hip_main [HIP1] ...
Test  - Execute: Step 4 - optimized cone search radius=1.5 arcsec
Test  - Search: input list [Temporary_1] catalog id: 'MIXED CATALOG'
Test  - Search: catalog id: 'I/239/hip_main'
Test  - Search: Cone search area=1.6 arcsec
Test  - Get XML document [0] from 'http://vizier.u-strasbg.fr/viz-bin/asu-xml?' with POST data: -source=I/239/hip_main&-out.meta=hudU1&-oc.form=sexa&-c.eq=J2000&-out.add=_RAJ2000&-out.add=_DEJ2000&-oc=hms&-out.max=1000&-sort=_r&-c.rs=1.6&-out.add=_1&-file=-c&-out=HIP&-out=Vmag&-out=e_VTmag&-out=B-V&-out=e_B-V&-out=V-I&-out=e_V-I&-out=r_V-I&-out.form=List&-c=%3C%3C%3D%3D%3D%3DLIST&192.993844-63.142196&%3D%3D%3D%3DLIST
Test  - Parsing XML document (4262 bytes)
Test  - No CDATA section in XML document.
Test  - Execute: Step 4 - number of returned stars=0
Test  - Execute: Step 4 - outputList[S1]
Test  - Execute: Step 4 - Performing action[UPDATE_ONLY] with 0 stars
Test  - Execute: Step 4 - after action[UPDATE_ONLY]: 1 stars
Test  - Execute: Step 5 - inputList[S1] action[UPDATE_ONLY]
Test  - Execute: Step 5 - Querying II/328/allwise [WISE] ...
Test  - Execute: Step 5 - optimized cone search radius=3.5 arcsec
Test  - Search: input list [Temporary_1] catalog id: 'MIXED CATALOG'
Test  - Search: catalog id: 'II/328/allwise'
Test  - Search: Box search area=7.1/7.1 arcsec
Test  - Get XML document [0] from 'http://vizier.u-strasbg.fr/viz-bin/asu-xml?' with POST data: -source=II/328/allwise&-out.meta=hudU1&-oc.form=sexa&-c.eq=J2000&-out.add=_RAJ2000&-out.add=_DEJ2000&-oc=hms&-out.max=1000&-sort=_r&-c.geom=b&-c.bs=7.1/7.1&-out.add=_1&-file=-c&-out=AllWISE&-out=qph&-out=W1mag&-out=e_W1mag&-out=W2mag&-out=e_W2mag&-out=W3mag&-out=e_W3mag&-out.form=List&-c=%3C%3C%3D%3D%3D%3DLIST&192.993900-63.142205&%3D%3D%3D%3DLIST
Test  - Parsing XML document (5433 bytes)
Test  - Extracting data from CDATA section (1 rows)
Test  - Extract: Property / Parameter mapping for catalog 'II/328/allwise':
Test  - Extract: Property 'TARGET_ID' [ID_TARGET] found for parameter '_1' (UCD='ID_TARGET')
Test  - Extract: Property 'RAJ2000' [POS_EQ_RA_MAIN] found for parameter '_RAJ2000' (UCD='POS_EQ_RA_MAIN')
Test  - Extract: Property 'DEJ2000' [POS_EQ_DEC_MAIN] found for parameter '_DEJ2000' (UCD='POS_EQ_DEC_MAIN')
Test  - Extract: Property 'WISE' [ID_WISE] found for parameter 'AllWISE' (UCD='ID_MAIN')
Test  - Extract: Property 'Qph_wise' [CODE_QUALITY_WISE] found for parameter 'qph' (UCD='CODE_QUALITY')
Test  - Extract: Property 'L' [PHOT_JHN_L] found for parameter 'W1mag' (UCD='PHOT_IR_3.4')
Test  - Extract: Property 'e_L' [PHOT_JHN_L_ERROR] found for parameter 'e_W1mag' (UCD='ERROR')
Test  - Extract: Property 'M' [PHOT_JHN_M] found for parameter 'W2mag' (UCD='PHOT_IR_4.2')
Test  - Extract: Property 'e_M' [PHOT_JHN_M_ERROR] found for parameter 'e_W2mag' (UCD='ERROR')
Test  - Extract: Property 'N' [PHOT_JHN_N] found for parameter 'W3mag' (UCD='PHOT_FLUX_IR_12')
Test  - Extract: Property 'e_N' [PHOT_JHN_N_ERROR] found for parameter 'e_W3mag' (UCD='ERROR')
Info  - ProcessList_WISE: list Size=1
Test  - Execute: Step 5 - number of returned stars=1
Test  - Execute: Step 5 - outputList[S1]
Test  - Execute: Step 5 - Performing action[UPDATE_ONLY] with 1 stars
Test  - Merge: list [S1][1 stars] with criteria << input list [Temporary_1][1 stars]
Test  - Merge: Criteria 1 on property[POS_EQ_RA_MAIN] with range = 0.000972222
Test  - Merge: Criteria 2 on property[POS_EQ_DEC_MAIN] with range = 0.000972222
Test  - Merge:  work list [S1] catalog id: 'MIXED CATALOG'
Test  - Merge: input list [Temporary_1] catalog id: 'II/328/allwise'
Test  - Merge: crossmatch [CLOSEST_REF_STAR]
Test  - Merge: precess candidate stars with reference star
Test  - Merge: precess using JD in epoch range [2010.020 2011.085]
Test  - Merge:  work list [S1] catalog id: 'MIXED CATALOG'
Test  - Merge: done: 0 stars added / 1 found / 1 updated / 0 skipped (0 skipped targetId).
Test  - Merge: Property 'WISE' [ID_WISE] updated 1 times
Test  - Merge: Property 'L' [PHOT_JHN_L] updated 1 times
Test  - Merge: Property 'M' [PHOT_JHN_M] updated 1 times
Test  - Merge: Property 'N' [PHOT_JHN_N] updated 1 times
Test  - Merge: Property 'Qph_wise' [CODE_QUALITY_WISE] updated 1 times
Test  - Execute: Step 5 - after action[UPDATE_ONLY]: 1 stars
Test  - Execute: Step 6 - inputList[S1] action[UPDATE_ONLY]
Test  - Execute: Step 6 - Querying B/sb9/main [SB9] ...
Test  - Execute: Step 6 - optimized cone search radius=1.5 arcsec
Test  - Search: input list [Temporary_1] catalog id: 'MIXED CATALOG'
Test  - Search: catalog id: 'B/sb9/main'
Test  - Search: Cone search area=1.6 arcsec
Test  - Get XML document [0] from 'http://vizier.u-strasbg.fr/viz-bin/asu-xml?' with POST data: -source=B/sb9/main&-out.meta=hudU1&-oc.form=sexa&-c.eq=J2000&-out.add=_RAJ2000&-out.add=_DEJ2000&-oc=hms&-out.max=1000&-sort=_r&-c.rs=1.6&-out.add=_1&-file=-c&-out=Seq&-out.form=List&-c=%3C%3C%3D%3D%3D%3DLIST&192.993869-63.142200&%3D%3D%3D%3DLIST
Test  - Parsing XML document (3098 bytes)
Test  - No CDATA section in XML document.
Test  - Execute: Step 6 - number of returned stars=0
Test  - Execute: Step 6 - outputList[S1]
Test  - Execute: Step 6 - Performing action[UPDATE_ONLY] with 0 stars
Test  - Execute: Step 6 - after action[UPDATE_ONLY]: 1 stars
Test  - Execute: Step 7 - inputList[S1] action[UPDATE_ONLY]
Test  - Execute: Step 7 - Querying B/wds/wds [WDS] ...
Test  - Execute: Step 7 - optimized cone search radius=1.5 arcsec
Test  - Search: input list [Temporary_1] catalog id: 'MIXED CATALOG'
Test  - Search: catalog id: 'B/wds/wds'
Test  - Search: Cone search area=1.6 arcsec
Test  - Get XML document [0] from 'http://vizier.u-strasbg.fr/viz-bin/asu-xml?' with POST data: -source=B/wds/wds&-out.meta=hudU1&-oc.form=sexa&-c.eq=J2000&-out.add=_RAJ2000&-out.add=_DEJ2000&-oc=hms&-out.max=1000&-c.rs=1.6&-out.add=_1&-file=-c&-out=WDS&-out=sep1&-out=sep2&-out.form=List&-c=%3C%3C%3D%3D%3D%3DLIST&192.993869-63.142200&%3D%3D%3D%3DLIST
Test  - Parsing XML document (3199 bytes)
Test  - No CDATA section in XML document.
Test  - Execute: Step 7 - number of returned stars=0
Test  - Execute: Step 7 - outputList[S1]
Test  - Execute: Step 7 - Performing action[UPDATE_ONLY] with 0 stars
Test  - Execute: Step 7 - after action[UPDATE_ONLY]: 1 stars
Test  - Execute: Step 8 - inputList[S1] action[UPDATE_ONLY]
Test  - Execute: Step 8 - Querying II/297/irc [AKARI] ...
Test  - Execute: Step 8 - optimized cone search radius=3.5 arcsec
Test  - Search: input list [Temporary_1] catalog id: 'MIXED CATALOG'
Test  - Search: catalog id: 'II/297/irc'
Test  - Search: Box search area=7.1/7.1 arcsec
Test  - Get XML document [0] from 'http://vizier.u-strasbg.fr/viz-bin/asu-xml?' with POST data: -source=II/297/irc&-out.meta=hudU1&-oc.form=sexa&-c.eq=J2000&-out.add=_RAJ2000&-out.add=_DEJ2000&-oc=hms&-out.max=1000&-sort=_r&-c.geom=b&-c.bs=7.1/7.1&-out.add=_1&-file=-c&-out=objID&-out=S09&-out=e_S09&-out=S18&-out=e_S18&-out.form=List&-c=%3C%3C%3D%3D%3D%3DLIST&192.993890-63.142203&%3D%3D%3D%3DLIST
Test  - Parsing XML document (4054 bytes)
Test  - No CDATA section in XML document.
Test  - Execute: Step 8 - number of returned stars=0
Test  - Execute: Step 8 - outputList[S1]
Test  - Execute: Step 8 - Performing action[UPDATE_ONLY] with 0 stars
Test  - Execute: Step 8 - after action[UPDATE_ONLY]: 1 stars
Test  - Execute: resultList[GetCal]
Info  - Scenario[FAINT_K] Execute() done: 1 star(s) found.
Test  - Scenario[FAINT_K] Property usage by catalogs
Test  - Property 'CODE_MULT_FLAG' [MultFlag]: I/280	
Test  - Property 'CODE_QUALITY_WISE' [Qph_wise]: II/328/allwise	
Test  - Property 'CODE_VARIAB_V1' [VarFlag1]: I/280	
Test  - Property 'CODE_VARIAB_V2' [VarFlag2]: I/280	
Test  - Property 'ID_DM' [DM]: I/280	
Test  - Property 'ID_HD' [HD]: I/280	
Test  - Property 'ID_HIP' [HIP]: I/280	
Test  - Property 'ID_TARGET' [TARGET_ID]: I/280	II/328/allwise	
Test  - Property 'ID_TYC1' [TYC1]: I/280	
Test  - Property 'ID_TYC2' [TYC2]: I/280	
Test  - Property 'ID_TYC3' [TYC3]: I/280	
Test  - Property 'ID_WISE' [WISE]: II/328/allwise	
Test  - Property 'PHOT_JHN_B' [B]: I/280	
Test  - Property 'PHOT_JHN_B_ERROR' [e_B]: I/280	
Test  - Property 'PHOT_JHN_L' [L]: II/328/allwise	
Test  - Property 'PHOT_JHN_L_ERROR' [e_L]: II/328/allwise	
Test  - Property 'PHOT_JHN_M' [M]: II/328/allwise	
Test  - Property 'PHOT_JHN_M_ERROR' [e_M]: II/328/allwise	
Test  - Property 'PHOT_JHN_N' [N]: II/328/allwise	
Test  - Property 'PHOT_JHN_N_ERROR' [e_N]: II/328/allwise	
Test  - Property 'PHOT_JHN_V' [V]: I/280	
Test  - Property 'PHOT_JHN_V_ERROR' [e_V]: I/280	
Test  - Property 'POS_EQ_DEC_ERROR' [e_DEJ2000]: I/280	
Test  - Property 'POS_EQ_DEC_MAIN' [DEJ2000]: I/280	II/328/allwise	
Test  - Property 'POS_EQ_PMDEC' [pmDec]: I/280	
Test  - Property 'POS_EQ_PMDEC_ERROR' [e_pmDec]: I/280	
Test  - Property 'POS_EQ_PMRA' [pmRa]: I/280	
Test  - Property 'POS_EQ_PMRA_ERROR' [e_pmRa]: I/280	
Test  - Property 'POS_EQ_RA_ERROR' [e_RAJ2000]: I/280	
Test  - Property 'POS_EQ_RA_MAIN' [RAJ2000]: I/280	II/328/allwise	
Test  - Property 'SPECT_TYPE_MK' [SpType]: I/280	
Test  - Property 'VAR_CLASS' [VarFlag3]: I/280	
Test  - Search: done [1 stars]
Test  - Complete: start [1 stars]
Test  - ----- Complete: star 'HD 111688'
Test  - Parsed spectral type='B8/9 II/III' - our spectral type='B8.50II-III': code='B' quantity='8.50' (0.50) luminosity class='II-III' Double='NO' SpectralBinary='NO' Variable='NO'
Test  - Type of star=[GIANT - SUB_SUPER_GIANT]
Info  - spectral type index = 74.0 - delta = 2
Test  - Extracted magnitudes:  B=10.440(0.032 HIGH) V=9.918(0.029 HIGH) R=0.000(0.000 NO) I=0.000(0.000 NO) J=8.524(0.021 HIGH) H=8.347(0.033 HIGH) K=8.245(0.026 HIGH) L=8.217(0.022 HIGH) M=8.234(0.019 HIGH)
Test  - Fixed magnitudes: (fix error) B=10.440(0.032 HIGH) V=9.918(0.029 HIGH) R=0.000(0.000 NO) I=0.000(0.000 NO) J=8.524(0.033 HIGH) H=8.347(0.033 HIGH) K=8.245(0.033 HIGH) L=8.217(0.022 HIGH) M=8.234(0.019 HIGH)
Test  - Diameter (SP 74) V-J=0.0778(0.0028 1.5%) V-H=0.0762(0.0024 1.4%) V-K=0.0741(0.0022 1.3%) 
Test  - Diameter weighted=0.0758(0.0016 0.9%) valid=true [HIGH] chi2=0.4978 from 3 diameters: 
Test  - Sampling spectral type range [72 .. 76]
Test  - Missing boundaries on the confidence area for chi2 threshold = 1.000000
Info  - Weighted mean diameters: 0.07445 < 0.07445 (0.0015) < 0.07705 - colorTableIndex: [72 to 76] - best chi2: 72 == 0.428104
Test  - Final Weighted mean diameter: 0.0758(0.0018) instead of 0.0744(0.0015)
Info  - Diameter weighted=0.0758(0.0018 1.0%) valid=true [HIGH] chi2=1.0000 from 3 diameters: MIN_CHI2 for (SP 72) 
Info  - Spectral type='B8/9 II/III' - Our spectral type='B8.00/B9.00(II-II': updated spectral code / quantity class='B8.50' (0.50)
Test  - Corrected LD error=0.0023 (3.1 %)(error=0.0018, chi2=1.0000)
Test  - Computing UDs for LD=0.0758 at idx=74 lc=2
Test  - Computed UD: U=0.0726 B=0.0723 V=0.0728 R=0.0735 I=0.0740 J=0.0745 H=0.0748 K=0.0749 L=0.0753 M=0.0754 N=0.0755
Test  - Extracted magnitudes:  B=10.440(0.032 HIGH) V=9.918(0.029 HIGH) R=0.000(0.000 NO) I=0.000(0.000 NO) J=8.524(0.021 HIGH) H=8.347(0.033 HIGH) K=8.245(0.026 HIGH) L=8.217(0.022 HIGH) M=8.234(0.019 HIGH)
Test  - Fixed magnitudes: (fix error) B=10.440(0.032 HIGH) V=9.918(0.029 HIGH) R=0.000(0.000 NO) I=0.000(0.000 NO) J=8.524(0.033 HIGH) H=8.347(0.033 HIGH) K=8.245(0.033 HIGH) L=8.217(0.022 HIGH) M=8.234(0.019 HIGH)
Test  - Av=2.0037 (0.09576) distance=572.627 (19.18438) chi2=0.0506 chi2Mu=nan [5 bands] [GIANT] from line[B8.50]
Test  - Fitted Av=2.0037 (0.10000) distance=572.627 (19.184) chi2=0.0506 chi2Mu=nan [5 bands] [GIANT]
Test  - ComputeExtinctionCoefficient: (fit) Av=2.0037 (0.1000) distance=572.6273 (19.1844) chi2=0.0506 chi2Dist=nan
Test  - Cousin magnitudes: I=nan(nan) J=8.546(0.020) H=8.341(0.032) K=8.269(0.026)
Test  - sclsvrCALIBRATOR::ComputeMissingMagnitude()
Test  - Initial magnitudes:  B=10.440(0.032 HIGH) V=9.918(0.029 HIGH) R=0.000(0.000 NO) I=0.000(0.000 NO) J=8.546(0.020 HIGH) H=8.341(0.032 HIGH) K=8.269(0.026 HIGH) L=8.217(0.022 HIGH) M=8.234(0.019 HIGH)
Test  - Corrected magnitudes: (Av) B=7.790(0.032 HIGH) V=7.914(0.029 HIGH) R=0.000(0.000 NO) I=0.000(0.000 NO) J=7.990(0.020 HIGH) H=7.999(0.032 HIGH) K=8.036(0.026 HIGH) L=8.094(0.022 HIGH) M=8.156(0.019 HIGH)
Test  - Computed magnitudes (bright)  B=7.790(0.032 HIGH) V=7.914(0.029 HIGH) R=7.919(0.000 MEDIUM) I=7.964(0.000 MEDIUM) J=7.990(0.020 HIGH) H=7.999(0.032 HIGH) K=8.036(0.026 HIGH) L=8.094(0.022 HIGH) M=8.156(0.019 HIGH)
Test  - Computed magnitudes (faint)  B=7.790(0.032 HIGH) V=7.914(0.029 HIGH) R=7.919(0.000 MEDIUM) I=7.964(0.000 MEDIUM) J=7.990(0.020 HIGH) H=7.999(0.032 HIGH) K=8.036(0.026 HIGH) L=8.094(0.022 HIGH) M=8.156(0.019 HIGH)
Test  - Apparent magnitudes:  B=10.440(0.032 HIGH) V=9.918(0.029 HIGH) R=9.419(0.000 MEDIUM) I=8.979(0.000 MEDIUM) J=8.546(0.020 HIGH) H=8.341(0.032 HIGH) K=8.269(0.026 HIGH) L=8.217(0.022 HIGH) M=8.234(0.019 HIGH)
Test  - Johnson magnitudes: I=8.841 J=8.524 H=8.347 K=8.245
Test  - IR Fluxes: Skipping (no 9 mu or 18 mu flux available).
Test  - Diam=0.076 (0.002) - base=102.5 - wlen=2.200
Test  - V(dV), V2(dV2)= 0.999639 (0.000022 - 0.00 %), 0.999278 (0.000045 - 0.00 %)
Test  - Complete: done [1 stars]
Test  - (What should be) Science star 'HD 111688' has been removed.
Warn  - sclsvrServerExit[0] : 
