unknown -    alx - Info  - 2013-01-16T15:45:45.283064 - alxAngularDiameter.c:91 - Loading /home/users/bourgesl/INTROOT/config/alxAngDiamPolynomial.cfg ...
unknown -    alx - Info  - 2013-01-16T15:45:45.283392 - alxCorrectedMagnitude.c:139 - Loading /home/users/bourgesl/INTROOT/config/alxExtinctionRatioTable.cfg ...
unknown -    alx - Info  - 2013-01-16T15:45:45.283485 - alxCorrectedMagnitude.c:414 - Loading /home/users/bourgesl/INTROOT/config/alxColorTableForDwarfStar.cfg ...
unknown -    alx - Info  - 2013-01-16T15:45:45.283735 - alxCorrectedMagnitude.c:414 - Loading /home/users/bourgesl/INTROOT/config/alxColorTableForGiantStar.cfg ...
unknown -    alx - Info  - 2013-01-16T15:45:45.283986 - alxCorrectedMagnitude.c:414 - Loading /home/users/bourgesl/INTROOT/config/alxColorTableForSuperGiantStar.cfg ...
unknown -    alx - Info  - 2013-01-16T15:45:45.284213 - alxCorrectedMagnitude.c:1609 - Loading /home/users/bourgesl/INTROOT/config/alxAkariBlackBodyCorrectionTable.cfg ...
unknown -    alx - Info  - 2013-01-16T15:45:45.284448 - alxCorrectedMagnitude.c:1879 - Loading /home/users/bourgesl/INTROOT/config/alxTableTeffLogg.cfg ...
unknown -    alx - Info  - 2013-01-16T15:45:45.284724 - alxCorrectedMagnitude.c:2099 - Loading /home/users/bourgesl/INTROOT/config/alxTableUDCoefficientCorrection.cfg ...
unknown -    alx - Info  - 2013-01-16T15:45:45.287068 - alxInterstellarAbsorption.c:95 - Loading /home/users/bourgesl/INTROOT/config/alxIntAbsPolynomial.cfg ...
unknown -    alx - Info  - 2013-01-16T15:45:45.287292 - alxResearchArea.c:97 - Loading /home/users/bourgesl/INTROOT/config/alxStarPopulationInKBand.cfg ...
unknown -   vobs - Quiet - 2013-01-16T15:45:45.288074 - vobsREMOTE_CATALOG.cpp:107 - Catalogs will get VIZIER data from 'http://vizier.u-strasbg.fr/viz-bin/asu-xml?'
sclsvrServer -   vobs - Test  - Search: start
sclsvrServer -   vobs - Info  - Execute: start
sclsvrServer -   vobs - Test  - Execute: Step 1 - inputList [NONE]
sclsvrServer -   vobs - Test  - Execute: Step 1 - Consulting MIDI ...
sclsvrServer -   vobs - Test  - Extract: Property / Parameter mapping for catalog 'MIDI':
sclsvrServer -   vobs - Test  - Extract: Property 'HD' [ID_HD] found for parameter 'HD' (UCD = 'ID_HD')
sclsvrServer -   vobs - Test  - Extract: Property 'RAJ2000' [POS_EQ_RA_MAIN] found for parameter 'RAJ2000' (UCD = 'POS_EQ_RA_MAIN')
sclsvrServer -   vobs - Test  - Extract: Property 'DEJ2000' [POS_EQ_DEC_MAIN] found for parameter 'DEJ2000' (UCD = 'POS_EQ_DEC_MAIN')
sclsvrServer -   vobs - Test  - Extract: Property 'orig' [IR_FLUX_ORIGIN] found for parameter 'orig' (UCD = 'IR_FLUX_ORIGIN')
sclsvrServer -   vobs - Test  - Extract: Property 'SpType' [SPECT_TYPE_MK] found for parameter 'SpType' (UCD = 'SPECT_TYPE_MK')
sclsvrServer -   vobs - Test  - Extract: Property 'plx' [POS_PARLX_TRIG] found for parameter 'Plx' (UCD = 'POS_PARLX_TRIG')
sclsvrServer -   vobs - Test  - Extract: Property 'e_Plx' [POS_PARLX_TRIG_ERROR] found for parameter 'e_Plx' (UCD = 'POS_PARLX_TRIG_ERROR')
sclsvrServer -   vobs - Test  - Extract: Property 'pmRa' [POS_EQ_PMRA] found for parameter 'pmRA' (UCD = 'POS_EQ_PMRA')
sclsvrServer -   vobs - Test  - Extract: Property 'pmDec' [POS_EQ_PMDEC] found for parameter 'pmDE' (UCD = 'POS_EQ_PMDEC')
sclsvrServer -   vobs - Test  - Extract: Property 'V' [PHOT_JHN_V] found for parameter 'Vmag' (UCD = 'PHOT_JHN_V')
sclsvrServer -   vobs - Test  - Extract: Property 'H' [PHOT_JHN_H] found for parameter 'Hmag' (UCD = 'PHOT_JHN_H')
sclsvrServer -   vobs - Test  - Extract: Property 'F12' [PHOT_FLUX_IR_12] found for parameter 'Fnu_12' (UCD = 'PHOT_FLUX_IR_12')
sclsvrServer -   vobs - Test  - Extract: Property 'e_F12' [PHOT_FLUX_IR_12_ERROR] found for parameter 'Fqual_12' (UCD = 'PHOT_FLUX_IR_12_ERROR')
sclsvrServer -   vobs - Test  - Extract: Property 'F12' [PHOT_FLUX_IR_12] found for parameter 'F12' (UCD = 'PHOT_FLUX_IR_12')
sclsvrServer -   vobs - Test  - Extract: Property 'e_F12' [PHOT_FLUX_IR_12_ERROR] found for parameter 'e_F12' (UCD = 'PHOT_FLUX_IR_12_ERROR')
sclsvrServer -   vobs - Test  - Extract: Property 'MultFlag' [CODE_MULT_FLAG] found for parameter 'Bin_HIP' (UCD = 'CODE_MULT_FLAG')
sclsvrServer -   vobs - Test  - Extract: Property 'BinFlag' [CODE_BIN_FLAG] found for parameter 'Var' (UCD = 'CODE_VARIAB')
sclsvrServer -   vobs - Test  - Extract: Property 'Calib' [REF_STAR] found for parameter 'Calib' (UCD = 'REF_STAR')
sclsvrServer -   vobs - Test  - Extract: Property 'Teff' [PHYS_TEMP_EFFEC] found for parameter 'Teff' (UCD = 'PHYS_TEMP_EFFEC')
sclsvrServer -   vobs - Test  - Extract: Property 'e_Teff' [PHYS_TEMP_EFFEC_ERROR] found for parameter 'e_Tef' (UCD = 'PHYS_TEMP_EFFEC_ERROR')
sclsvrServer -   vobs - Test  - Extract: Property 'Dia12' [DIAM12] found for parameter 'Diam12' (UCD = 'DIAM12')
sclsvrServer -   vobs - Test  - Extract: Property 'e_dia12' [DIAM12_ERROR] found for parameter 'e_Diam12' (UCD = 'DIAM12_ERROR')
sclsvrServer -   vobs - Test  - Extract: Property 'A_V' [PHOT_EXTINCTION_TOTAL] found for parameter 'A_V' (UCD = 'PHOT_EXTINCTION_TOTAL')
sclsvrServer -   vobs - Test  - Extract: Property 'Chi2' [CHI2_QUALITY] found for parameter 'Chi2' (UCD = 'CHI2_QUALITY')
sclsvrServer -   vobs - Test  - Extract: Property 'SpTyp_Teff' [SP_TYP_PHYS_TEMP_EFFEC] found for parameter 'SpTyp_Teff' (UCD = 'SP_TYP_PHYS_TEMP_EFFEC')
sclsvrServer -   vobs - Test  - vobsCATALOG_MIDI correctly loaded: 502 stars
sclsvrServer -   vobs - Test  - Search area [3545.308 - 1200.000] (arcmin)
sclsvrServer -   vobs - Test  - Criteria 1 on property[POS_EQ_RA_MAIN] with range = 29.544232590
sclsvrServer -   vobs - Test  - Criteria 2 on property[POS_EQ_DEC_MAIN] with range = 10.000000000
sclsvrServer -   vobs - Test  - Criteria 3 on property[PHOT_FLUX_IR_12] with range = 7.500000000
sclsvrServer -   vobs - Test  - Execute: Step 1 - number of returned stars = 12
sclsvrServer -   vobs - Test  - FilterDuplicates: list [0 stars] with criteria - input list [12 stars]
sclsvrServer -   vobs - Test  - FilterDuplicates: Criteria 1 on property[POS_EQ_RA_MAIN] with range = 0.000416667
sclsvrServer -   vobs - Test  - FilterDuplicates: Criteria 2 on property[POS_EQ_DEC_MAIN] with range = 0.000416667
sclsvrServer -   vobs - Test  - FilterDuplicates: filter search radius = 10.0 arcsec
sclsvrServer -   vobs - Test  - FilterDuplicates: done = 12 unique stars / 0 duplicates found : 0 different stars.
sclsvrServer -   vobs - Test  - Execute: Step 1 - outputList [Main]
sclsvrServer -   vobs - Test  - Execute: Step 1 - Performing CLEAR_MERGE action with 12 stars
sclsvrServer -   vobs - Test  - Execute: Step 1 - CLEAR outputList [Main]
sclsvrServer -   vobs - Test  - Merge: list [Main][0 stars] with criteria << input list [Temporary][12 stars]
sclsvrServer -   vobs - Test  - Merge: Criteria 1 on property[POS_EQ_RA_MAIN] with range = 0.000416667
sclsvrServer -   vobs - Test  - Merge: Criteria 2 on property[POS_EQ_DEC_MAIN] with range = 0.000416667
sclsvrServer -   vobs - Test  - Merge:  work list [Main] catalog id: 'NO CATALOG'
sclsvrServer -   vobs - Test  - Merge: input list [Temporary] catalog id: 'MIDI'
sclsvrServer -   vobs - Test  - Merge: crossmatch [CLOSEST_ALL_STARS]
sclsvrServer -   vobs - Test  - Merge:  work list [Main] catalog id: 'MIDI'
sclsvrServer -   vobs - Test  - Merge: done = 12 stars added / 0 found / 0 updated / 0 skipped (0 skipped targetId).
sclsvrServer -   vobs - Test  - Execute: Step 1 - after CLEAR_MERGE, 12 stars
sclsvrServer -   vobs - Test  - Execute: resultList [GetCal]
sclsvrServer -   vobs - Info  - Execute: done = 12 star(s) found.
sclsvrServer -   vobs - Test  - Property Usage [BRIGHT_N]
sclsvrServer -   vobs - Test  - Property 'CHI2_QUALITY' [Chi2] (-) used by: MIDI	
sclsvrServer -   vobs - Test  - Property 'CODE_BIN_FLAG' [BinFlag] (-) used by: MIDI	
sclsvrServer -   vobs - Test  - Property 'CODE_MULT_FLAG' [MultFlag] (-) used by: MIDI	
sclsvrServer -   vobs - Test  - Property 'DIAM12' [Dia12] (mas) used by: MIDI	
sclsvrServer -   vobs - Test  - Property 'DIAM12_ERROR' [e_dia12] (mas) used by: MIDI	
sclsvrServer -   vobs - Test  - Property 'ID_HD' [HD] (-) used by: MIDI	
sclsvrServer -   vobs - Test  - Property 'IR_FLUX_ORIGIN' [orig] (-) used by: MIDI	
sclsvrServer -   vobs - Test  - Property 'PHOT_EXTINCTION_TOTAL' [A_V] (-) used by: MIDI	
sclsvrServer -   vobs - Test  - Property 'PHOT_FLUX_IR_12' [F12] (Jy) used by: MIDI	
sclsvrServer -   vobs - Test  - Property 'PHOT_FLUX_IR_12_ERROR' [e_F12] (Jy) used by: MIDI	
sclsvrServer -   vobs - Test  - Property 'PHOT_JHN_H' [H] (mag) used by: MIDI	
sclsvrServer -   vobs - Test  - Property 'PHOT_JHN_V' [V] (mag) used by: MIDI	
sclsvrServer -   vobs - Test  - Property 'PHYS_TEMP_EFFEC' [Teff] (-) used by: MIDI	
sclsvrServer -   vobs - Test  - Property 'PHYS_TEMP_EFFEC_ERROR' [e_Teff] (-) used by: MIDI	
sclsvrServer -   vobs - Test  - Property 'POS_EQ_DEC_MAIN' [DEJ2000] (d:m:s) used by: MIDI	
sclsvrServer -   vobs - Test  - Property 'POS_EQ_PMDEC' [pmDec] (mas/yr) used by: MIDI	
sclsvrServer -   vobs - Test  - Property 'POS_EQ_PMRA' [pmRa] (mas/yr) used by: MIDI	
sclsvrServer -   vobs - Test  - Property 'POS_EQ_RA_MAIN' [RAJ2000] (h:m:s) used by: MIDI	
sclsvrServer -   vobs - Test  - Property 'POS_PARLX_TRIG' [plx] (mas) used by: MIDI	
sclsvrServer -   vobs - Test  - Property 'POS_PARLX_TRIG_ERROR' [e_Plx] (-) used by: MIDI	
sclsvrServer -   vobs - Test  - Property 'REF_STAR' [Calib] (-) used by: MIDI	
sclsvrServer -   vobs - Test  - Property 'SPECT_TYPE_MK' [SpType] (-) used by: MIDI	
sclsvrServer -   vobs - Test  - Property 'SP_TYP_PHYS_TEMP_EFFEC' [SpTyp_Teff] (-) used by: MIDI	
sclsvrServer -   vobs - Test  - Search: done = Number of stars found : 12
sclsvrServer - sclsvr - Test  - Complete: start [12 stars]
sclsvrServer - sclsvr - Test  - ----- Complete: star 'HD 1522'
sclsvrServer - sclsvr - Test  - parallax 11.26(0.73) is OK...
sclsvrServer -    alx - Test  - Parsed spectral type = 'K1.5III' - Our spectral type = 'K1.5III' : Code = 'K', Sub-type Quantity = '1.50', Luminosity Class = 'III', Is Double  = 'NO', Is Spectral Binary = 'NO', Is Variable = 'NO'
sclsvrServer -    alx - Test  - Type of star = GIANT
sclsvrServer -    alx - Test  - RA/DEC - GLat/GLong = 0.084770 / -0.154006 radians - -70.191 / 98.978 degrees
sclsvrServer - sclsvr - Test  - IR Fluxes: Skipping (no 9 mu or 18 mu flux available).
sclsvrServer - sclsvr - Test  - Cousin magnitudes: I = 0.000, J = 0.000, H = 0.000, K = 0.000
sclsvrServer -    alx - Test  - GLon/dist/Av = 98.978 / 0.089 / 0.000
sclsvrServer - sclsvr - Test  - sclsvrCALIBRATOR::ComputeMissingMagnitude()
sclsvrServer - sclsvr - Test  - Initial magnitudes:   B = 0.000 (NO), V = 3.558 (HIGH), R = 0.000 (NO), I = 0.000 (NO), J = 0.000 (NO), H = 0.000 (NO), K = 0.000 (NO), L = 0.000 (NO), M = 0.000 (NO)
sclsvrServer -    alx - Test  - Corrected magnitudes: B = 0.000 (NO), V = 3.558 (HIGH), R = 0.000 (NO), I = 0.000 (NO), J = 0.000 (NO), H = 0.000 (NO), K = 0.000 (NO), L = 0.000 (NO), M = 0.000 (NO)  with  av=0.00
sclsvrServer -    alx - Test  - B and V mag are not set; could not compute missing magnitudes
sclsvrServer -    alx - Test  - Apparent magnitudes: B = 0.000, V = 3.558, R = 0.000, I = 0.000, J = 0.000, H = 0.000, K = 0.000, L = 0.000, M = 0.000
sclsvrServer - sclsvr - Test  - Johnson magnitudes: I = 0.000, J = 0.000, H = 0.000, K = 0.000
sclsvrServer -    alx - Test  - Diam = 3.269 (0.262) - base = 102.5 - wlen= 11.630
sclsvrServer -    alx - Test  - V(dV), V2(dV2) = 0.976145 (0.003794), 0.952859 (0.007407)
sclsvrServer -    alx - Test  - Diam = 3.269 (0.262) - base = 102.5 - wlen= 8.000
sclsvrServer -    alx - Test  - V(dV), V2(dV2) = 0.950033 (0.007875), 0.902562 (0.014963)
sclsvrServer -    alx - Test  - Diam = 3.269 (0.262) - base = 102.5 - wlen= 13.000
sclsvrServer -    alx - Test  - V(dV), V2(dV2) = 0.980877 (0.003046), 0.962120 (0.005976)
sclsvrServer - sclsvr - Test  - Compute UD - Skipping (LD unknown).
sclsvrServer - sclsvr - Test  - ----- Complete: star 'HD 2024'
sclsvrServer - sclsvr - Test  - parallax 1.48(0.99) is not valid...
sclsvrServer -    alx - Test  - Parsed spectral type = 'M...' - Our spectral type = 'M5.0...' : Code = 'M', Sub-type Quantity = '5.00', Luminosity Class = '...', Is Double  = 'NO', Is Spectral Binary = 'NO', Is Variable = 'NO'
sclsvrServer -    alx - Test  - Type of star = DWARF
sclsvrServer -    alx - Test  - RA/DEC - GLat/GLong = 0.107112 / -0.081119 radians - -66.621 / 105.830 degrees
sclsvrServer - sclsvr - Test  - IR Fluxes: Skipping (no 9 mu or 18 mu flux available).
sclsvrServer - sclsvr - Test  - Cousin magnitudes: I = 0.000, J = 0.000, H = 0.000, K = 0.000
sclsvrServer - sclsvr - Test  - parallax is unknown; could not compute Av and missing magnitude
sclsvrServer - sclsvr - Test  - Johnson magnitudes: I = 0.000, J = 0.000, H = 0.000, K = 0.000
sclsvrServer -    alx - Test  - Diam = 2.238 (0.122) - base = 102.5 - wlen= 11.630
sclsvrServer -    alx - Test  - V(dV), V2(dV2) = 0.988768 (0.001224), 0.977663 (0.002421)
sclsvrServer -    alx - Test  - Diam = 2.238 (0.122) - base = 102.5 - wlen= 8.000
sclsvrServer -    alx - Test  - V(dV), V2(dV2) = 0.976362 (0.002565), 0.953283 (0.005009)
sclsvrServer -    alx - Test  - Diam = 2.238 (0.122) - base = 102.5 - wlen= 13.000
sclsvrServer -    alx - Test  - V(dV), V2(dV2) = 0.991004 (0.000981), 0.982089 (0.001945)
sclsvrServer - sclsvr - Test  - Compute UD - Skipping (LD unknown).
sclsvrServer - sclsvr - Test  - ----- Complete: star 'HD 5112'
sclsvrServer - sclsvr - Test  - parallax 6.28(0.85) is OK...
sclsvrServer -    alx - Test  - Parsed spectral type = 'M0III' - Our spectral type = 'M0.0III' : Code = 'M', Sub-type Quantity = '0.00', Luminosity Class = 'III', Is Double  = 'NO', Is Spectral Binary = 'NO', Is Variable = 'NO'
sclsvrServer -    alx - Test  - Type of star = GIANT
sclsvrServer -    alx - Test  - RA/DEC - GLat/GLong = 0.231292 / -0.019971 radians - -64.011 / 123.825 degrees
sclsvrServer - sclsvr - Test  - IR Fluxes: Skipping (no 9 mu or 18 mu flux available).
sclsvrServer - sclsvr - Test  - Cousin magnitudes: I = 0.000, J = 0.000, H = 0.000, K = 0.000
sclsvrServer -    alx - Test  - GLon/dist/Av = 123.825 / 0.159 / 0.000
sclsvrServer - sclsvr - Test  - sclsvrCALIBRATOR::ComputeMissingMagnitude()
sclsvrServer - sclsvr - Test  - Initial magnitudes:   B = 0.000 (NO), V = 4.778 (HIGH), R = 0.000 (NO), I = 0.000 (NO), J = 0.000 (NO), H = 0.000 (NO), K = 0.000 (NO), L = 0.000 (NO), M = 0.000 (NO)
sclsvrServer -    alx - Test  - Corrected magnitudes: B = 0.000 (NO), V = 4.778 (HIGH), R = 0.000 (NO), I = 0.000 (NO), J = 0.000 (NO), H = 0.000 (NO), K = 0.000 (NO), L = 0.000 (NO), M = 0.000 (NO)  with  av=0.00
sclsvrServer -    alx - Test  - B and V mag are not set; could not compute missing magnitudes
sclsvrServer -    alx - Test  - Apparent magnitudes: B = 0.000, V = 4.778, R = 0.000, I = 0.000, J = 0.000, H = 0.000, K = 0.000, L = 0.000, M = 0.000
sclsvrServer - sclsvr - Test  - Johnson magnitudes: I = 0.000, J = 0.000, H = 0.000, K = 0.000
sclsvrServer -    alx - Test  - Diam = 3.261 (0.337) - base = 102.5 - wlen= 11.630
sclsvrServer -    alx - Test  - V(dV), V2(dV2) = 0.976266 (0.004870), 0.953095 (0.009508)
sclsvrServer -    alx - Test  - Diam = 3.261 (0.337) - base = 102.5 - wlen= 8.000
sclsvrServer -    alx - Test  - V(dV), V2(dV2) = 0.950284 (0.010109), 0.903039 (0.019213)
sclsvrServer -    alx - Test  - Diam = 3.261 (0.337) - base = 102.5 - wlen= 13.000
sclsvrServer -    alx - Test  - V(dV), V2(dV2) = 0.980974 (0.003910), 0.962311 (0.007671)
sclsvrServer - sclsvr - Test  - Compute UD - Skipping (LD unknown).
sclsvrServer - sclsvr - Test  - ----- Complete: star 'HD 9138'
sclsvrServer - sclsvr - Test  - parallax 9.05(0.73) is OK...
sclsvrServer -    alx - Test  - Parsed spectral type = 'K4III' - Our spectral type = 'K4.0III' : Code = 'K', Sub-type Quantity = '4.00', Luminosity Class = 'III', Is Double  = 'NO', Is Spectral Binary = 'NO', Is Variable = 'NO'
sclsvrServer -    alx - Test  - Type of star = GIANT
sclsvrServer -    alx - Test  - RA/DEC - GLat/GLong = 0.393508 / 0.107230 radians - -55.431 / 140.078 degrees
sclsvrServer - sclsvr - Test  - IR Fluxes: Skipping (no 9 mu or 18 mu flux available).
sclsvrServer - sclsvr - Test  - Cousin magnitudes: I = 0.000, J = 0.000, H = 0.000, K = 0.000
sclsvrServer -    alx - Test  - GLon/dist/Av = 140.078 / 0.110 / 0.000
sclsvrServer - sclsvr - Test  - sclsvrCALIBRATOR::ComputeMissingMagnitude()
sclsvrServer - sclsvr - Test  - Initial magnitudes:   B = 0.000 (NO), V = 4.840 (HIGH), R = 0.000 (NO), I = 0.000 (NO), J = 0.000 (NO), H = 0.000 (NO), K = 0.000 (NO), L = 0.000 (NO), M = 0.000 (NO)
sclsvrServer -    alx - Test  - Corrected magnitudes: B = 0.000 (NO), V = 4.840 (HIGH), R = 0.000 (NO), I = 0.000 (NO), J = 0.000 (NO), H = 0.000 (NO), K = 0.000 (NO), L = 0.000 (NO), M = 0.000 (NO)  with  av=0.00
sclsvrServer -    alx - Test  - B and V mag are not set; could not compute missing magnitudes
sclsvrServer -    alx - Test  - Apparent magnitudes: B = 0.000, V = 4.840, R = 0.000, I = 0.000, J = 0.000, H = 0.000, K = 0.000, L = 0.000, M = 0.000
sclsvrServer - sclsvr - Test  - Johnson magnitudes: I = 0.000, J = 0.000, H = 0.000, K = 0.000
sclsvrServer -    alx - Test  - Diam = 2.538 (0.059) - base = 102.5 - wlen= 11.630
sclsvrServer -    alx - Test  - V(dV), V2(dV2) = 0.985580 (0.000668), 0.971369 (0.001317)
sclsvrServer -    alx - Test  - Diam = 2.538 (0.059) - base = 102.5 - wlen= 8.000
sclsvrServer -    alx - Test  - V(dV), V2(dV2) = 0.969689 (0.001397), 0.940297 (0.002709)
sclsvrServer -    alx - Test  - Diam = 2.538 (0.059) - base = 102.5 - wlen= 13.000
sclsvrServer -    alx - Test  - V(dV), V2(dV2) = 0.988448 (0.000536), 0.977030 (0.001059)
sclsvrServer - sclsvr - Test  - Compute UD - Skipping (LD unknown).
sclsvrServer - sclsvr - Test  - ----- Complete: star 'HD 10380'
sclsvrServer - sclsvr - Test  - parallax 8.86(0.77) is OK...
sclsvrServer -    alx - Test  - Parsed spectral type = 'K3IIIb' - Our spectral type = 'K3.0IIIB' : Code = 'K', Sub-type Quantity = '3.00', Luminosity Class = 'IIIB', Is Double  = 'NO', Is Spectral Binary = 'NO', Is Variable = 'NO'
sclsvrServer -    alx - Test  - Type of star = GIANT
sclsvrServer -    alx - Test  - RA/DEC - GLat/GLong = 0.442578 / 0.095777 radians - -55.215 / 145.114 degrees
sclsvrServer - sclsvr - Test  - IR Fluxes: Skipping (no 9 mu or 18 mu flux available).
sclsvrServer - sclsvr - Test  - Cousin magnitudes: I = 0.000, J = 0.000, H = 0.000, K = 0.000
sclsvrServer -    alx - Test  - GLon/dist/Av = 145.114 / 0.113 / 0.000
sclsvrServer - sclsvr - Test  - sclsvrCALIBRATOR::ComputeMissingMagnitude()
sclsvrServer - sclsvr - Test  - Initial magnitudes:   B = 0.000 (NO), V = 4.448 (HIGH), R = 0.000 (NO), I = 0.000 (NO), J = 0.000 (NO), H = 0.000 (NO), K = 0.000 (NO), L = 0.000 (NO), M = 0.000 (NO)
sclsvrServer -    alx - Test  - Corrected magnitudes: B = 0.000 (NO), V = 4.448 (HIGH), R = 0.000 (NO), I = 0.000 (NO), J = 0.000 (NO), H = 0.000 (NO), K = 0.000 (NO), L = 0.000 (NO), M = 0.000 (NO)  with  av=0.00
sclsvrServer -    alx - Test  - B and V mag are not set; could not compute missing magnitudes
sclsvrServer -    alx - Test  - Apparent magnitudes: B = 0.000, V = 4.448, R = 0.000, I = 0.000, J = 0.000, H = 0.000, K = 0.000, L = 0.000, M = 0.000
sclsvrServer - sclsvr - Test  - Johnson magnitudes: I = 0.000, J = 0.000, H = 0.000, K = 0.000
sclsvrServer -    alx - Test  - Diam = 2.930 (0.131) - base = 102.5 - wlen= 11.630
sclsvrServer -    alx - Test  - V(dV), V2(dV2) = 0.980812 (0.001707), 0.961993 (0.003348)
sclsvrServer -    alx - Test  - Diam = 2.930 (0.131) - base = 102.5 - wlen= 8.000
sclsvrServer -    alx - Test  - V(dV), V2(dV2) = 0.959738 (0.003555), 0.921098 (0.006824)
sclsvrServer -    alx - Test  - Diam = 2.930 (0.131) - base = 102.5 - wlen= 13.000
sclsvrServer -    alx - Test  - V(dV), V2(dV2) = 0.984624 (0.001369), 0.969484 (0.002697)
sclsvrServer - sclsvr - Test  - Compute UD - Skipping (LD unknown).
sclsvrServer - sclsvr - Test  - ----- Complete: star 'HD 10550'
sclsvrServer - sclsvr - Test  - parallax 2.71(0.90) is not valid...
sclsvrServer -    alx - Test  - Parsed spectral type = 'K3III' - Our spectral type = 'K3.0III' : Code = 'K', Sub-type Quantity = '3.00', Luminosity Class = 'III', Is Double  = 'NO', Is Spectral Binary = 'NO', Is Variable = 'NO'
sclsvrServer -    alx - Test  - Type of star = GIANT
sclsvrServer -    alx - Test  - RA/DEC - GLat/GLong = 0.448223 / -0.064406 radians - -63.551 / 152.745 degrees
sclsvrServer - sclsvr - Test  - IR Fluxes: Skipping (no 9 mu or 18 mu flux available).
sclsvrServer - sclsvr - Test  - Cousin magnitudes: I = 0.000, J = 0.000, H = 0.000, K = 0.000
sclsvrServer - sclsvr - Test  - parallax is unknown; could not compute Av and missing magnitude
sclsvrServer - sclsvr - Test  - Johnson magnitudes: I = 0.000, J = 0.000, H = 0.000, K = 0.000
sclsvrServer -    alx - Test  - Diam = 2.068 (0.124) - base = 102.5 - wlen= 11.630
sclsvrServer -    alx - Test  - V(dV), V2(dV2) = 0.990412 (0.001142), 0.980917 (0.002262)
sclsvrServer -    alx - Test  - Diam = 2.068 (0.124) - base = 102.5 - wlen= 8.000
sclsvrServer -    alx - Test  - V(dV), V2(dV2) = 0.979810 (0.002396), 0.960028 (0.004695)
sclsvrServer -    alx - Test  - Diam = 2.068 (0.124) - base = 102.5 - wlen= 13.000
sclsvrServer -    alx - Test  - V(dV), V2(dV2) = 0.992322 (0.000915), 0.984703 (0.001816)
sclsvrServer - sclsvr - Test  - Compute UD - Skipping (LD unknown).
sclsvrServer - sclsvr - Test  - ----- Complete: star 'HD 10824'
sclsvrServer - sclsvr - Test  - parallax 6.40(0.78) is OK...
sclsvrServer -    alx - Test  - Parsed spectral type = 'K4III' - Our spectral type = 'K4.0III' : Code = 'K', Sub-type Quantity = '4.00', Luminosity Class = 'III', Is Double  = 'NO', Is Spectral Binary = 'NO', Is Variable = 'NO'
sclsvrServer -    alx - Test  - Type of star = GIANT
sclsvrServer -    alx - Test  - RA/DEC - GLat/GLong = 0.462458 / -0.100065 radians - -64.974 / 156.609 degrees
sclsvrServer - sclsvr - Test  - IR Fluxes: Skipping (no 9 mu or 18 mu flux available).
sclsvrServer - sclsvr - Test  - Cousin magnitudes: I = 0.000, J = 0.000, H = 0.000, K = 0.000
sclsvrServer -    alx - Test  - GLon/dist/Av = 156.609 / 0.156 / 0.000
sclsvrServer - sclsvr - Test  - sclsvrCALIBRATOR::ComputeMissingMagnitude()
sclsvrServer - sclsvr - Test  - Initial magnitudes:   B = 0.000 (NO), V = 5.340 (HIGH), R = 0.000 (NO), I = 0.000 (NO), J = 0.000 (NO), H = 0.000 (NO), K = 0.000 (NO), L = 0.000 (NO), M = 0.000 (NO)
sclsvrServer -    alx - Test  - Corrected magnitudes: B = 0.000 (NO), V = 5.340 (HIGH), R = 0.000 (NO), I = 0.000 (NO), J = 0.000 (NO), H = 0.000 (NO), K = 0.000 (NO), L = 0.000 (NO), M = 0.000 (NO)  with  av=0.00
sclsvrServer -    alx - Test  - B and V mag are not set; could not compute missing magnitudes
sclsvrServer -    alx - Test  - Apparent magnitudes: B = 0.000, V = 5.340, R = 0.000, I = 0.000, J = 0.000, H = 0.000, K = 0.000, L = 0.000, M = 0.000
sclsvrServer - sclsvr - Test  - Johnson magnitudes: I = 0.000, J = 0.000, H = 0.000, K = 0.000
sclsvrServer -    alx - Test  - Diam = 2.384 (0.127) - base = 102.5 - wlen= 11.630
sclsvrServer -    alx - Test  - V(dV), V2(dV2) = 0.987268 (0.001351), 0.974699 (0.002667)
sclsvrServer -    alx - Test  - Diam = 2.384 (0.127) - base = 102.5 - wlen= 8.000
sclsvrServer -    alx - Test  - V(dV), V2(dV2) = 0.973221 (0.002827), 0.947158 (0.005503)
sclsvrServer -    alx - Test  - Diam = 2.384 (0.127) - base = 102.5 - wlen= 13.000
sclsvrServer -    alx - Test  - V(dV), V2(dV2) = 0.989802 (0.001083), 0.979708 (0.002143)
sclsvrServer - sclsvr - Test  - Compute UD - Skipping (LD unknown).
sclsvrServer - sclsvr - Test  - ----- Complete: star 'HD 209750'
sclsvrServer - sclsvr - Test  - parallax 4.30(0.83) is OK...
sclsvrServer -    alx - Test  - Parsed spectral type = 'G2Ib' - Our spectral type = 'G2.0IB' : Code = 'G', Sub-type Quantity = '2.00', Luminosity Class = 'IB', Is Double  = 'NO', Is Spectral Binary = 'NO', Is Variable = 'NO'
sclsvrServer -    alx - Test  - Type of star = SUPER GIANT
sclsvrServer -    alx - Test  - RA/DEC - GLat/GLong = -0.498361 / -0.005583 radians - -42.065 / 59.928 degrees
sclsvrServer - sclsvr - Test  - IR Fluxes: Skipping (no 9 mu or 18 mu flux available).
sclsvrServer - sclsvr - Test  - Cousin magnitudes: I = 0.000, J = 0.000, H = 0.000, K = 0.000
sclsvrServer -    alx - Test  - GLon/dist/Av = 59.928 / 0.233 / 0.052
sclsvrServer - sclsvr - Test  - sclsvrCALIBRATOR::ComputeMissingMagnitude()
sclsvrServer - sclsvr - Test  - Initial magnitudes:   B = 0.000 (NO), V = 2.950 (HIGH), R = 0.000 (NO), I = 0.000 (NO), J = 0.000 (NO), H = 0.000 (NO), K = 0.000 (NO), L = 0.000 (NO), M = 0.000 (NO)
sclsvrServer -    alx - Test  - Corrected magnitudes: B = 0.000 (NO), V = 2.898 (HIGH), R = 0.000 (NO), I = 0.000 (NO), J = 0.000 (NO), H = 0.000 (NO), K = 0.000 (NO), L = 0.000 (NO), M = 0.000 (NO)  with  av=0.05
sclsvrServer -    alx - Test  - B and V mag are not set; could not compute missing magnitudes
sclsvrServer -    alx - Test  - Apparent magnitudes: B = 0.000, V = 2.950, R = 0.000, I = 0.000, J = 0.000, H = 0.000, K = 0.000, L = 0.000, M = 0.000
sclsvrServer - sclsvr - Test  - Johnson magnitudes: I = 0.000, J = 0.000, H = 0.000, K = 0.000
sclsvrServer -    alx - Test  - Diam = 3.105 (0.254) - base = 102.5 - wlen= 11.630
sclsvrServer -    alx - Test  - V(dV), V2(dV2) = 0.978471 (0.003504), 0.957406 (0.006857)
sclsvrServer -    alx - Test  - Diam = 3.105 (0.254) - base = 102.5 - wlen= 8.000
sclsvrServer -    alx - Test  - V(dV), V2(dV2) = 0.954866 (0.007286), 0.911769 (0.013914)
sclsvrServer -    alx - Test  - Diam = 3.105 (0.254) - base = 102.5 - wlen= 13.000
sclsvrServer -    alx - Test  - V(dV), V2(dV2) = 0.982745 (0.002812), 0.965787 (0.005528)
sclsvrServer - sclsvr - Test  - Compute UD - Skipping (LD unknown).
sclsvrServer - sclsvr - Test  - ----- Complete: star 'HD 213119'
sclsvrServer - sclsvr - Test  - parallax 5.63(0.85) is OK...
sclsvrServer -    alx - Test  - Parsed spectral type = 'K5III' - Our spectral type = 'K5.0III' : Code = 'K', Sub-type Quantity = '5.00', Luminosity Class = 'III', Is Double  = 'NO', Is Spectral Binary = 'NO', Is Variable = 'NO'
sclsvrServer -    alx - Test  - Type of star = GIANT
sclsvrServer -    alx - Test  - RA/DEC - GLat/GLong = -0.396482 / 0.159332 radians - -39.966 / 74.385 degrees
sclsvrServer - sclsvr - Test  - IR Fluxes: Skipping (no 9 mu or 18 mu flux available).
sclsvrServer - sclsvr - Test  - Cousin magnitudes: I = 0.000, J = 0.000, H = 0.000, K = 0.000
sclsvrServer -    alx - Test  - GLon/dist/Av = 74.385 / 0.178 / 0.056
sclsvrServer - sclsvr - Test  - sclsvrCALIBRATOR::ComputeMissingMagnitude()
sclsvrServer - sclsvr - Test  - Initial magnitudes:   B = 0.000 (NO), V = 5.595 (HIGH), R = 0.000 (NO), I = 0.000 (NO), J = 0.000 (NO), H = 0.000 (NO), K = 0.000 (NO), L = 0.000 (NO), M = 0.000 (NO)
sclsvrServer -    alx - Test  - Corrected magnitudes: B = 0.000 (NO), V = 5.539 (HIGH), R = 0.000 (NO), I = 0.000 (NO), J = 0.000 (NO), H = 0.000 (NO), K = 0.000 (NO), L = 0.000 (NO), M = 0.000 (NO)  with  av=0.06
sclsvrServer -    alx - Test  - B and V mag are not set; could not compute missing magnitudes
sclsvrServer -    alx - Test  - Apparent magnitudes: B = 0.000, V = 5.595, R = 0.000, I = 0.000, J = 0.000, H = 0.000, K = 0.000, L = 0.000, M = 0.000
sclsvrServer - sclsvr - Test  - Johnson magnitudes: I = 0.000, J = 0.000, H = 0.000, K = 0.000
sclsvrServer -    alx - Test  - Diam = 2.374 (0.149) - base = 102.5 - wlen= 11.630
sclsvrServer -    alx - Test  - V(dV), V2(dV2) = 0.987370 (0.001578), 0.974900 (0.003117)
sclsvrServer -    alx - Test  - Diam = 2.374 (0.149) - base = 102.5 - wlen= 8.000
sclsvrServer -    alx - Test  - V(dV), V2(dV2) = 0.973434 (0.003304), 0.947574 (0.006433)
sclsvrServer -    alx - Test  - Diam = 2.374 (0.149) - base = 102.5 - wlen= 13.000
sclsvrServer -    alx - Test  - V(dV), V2(dV2) = 0.989883 (0.001265), 0.979869 (0.002505)
sclsvrServer - sclsvr - Test  - Compute UD - Skipping (LD unknown).
sclsvrServer - sclsvr - Test  - ----- Complete: star 'HD 219449'
sclsvrServer - sclsvr - Test  - parallax 21.97(0.89) is OK...
sclsvrServer -    alx - Test  - Parsed spectral type = 'K0III' - Our spectral type = 'K0.0III' : Code = 'K', Sub-type Quantity = '0.00', Luminosity Class = 'III', Is Double  = 'NO', Is Spectral Binary = 'NO', Is Variable = 'NO'
sclsvrServer -    alx - Test  - Type of star = GIANT
sclsvrServer -    alx - Test  - RA/DEC - GLat/GLong = -0.192460 / -0.158611 radians - -61.111 / 67.072 degrees
sclsvrServer - sclsvr - Test  - IR Fluxes: Skipping (no 9 mu or 18 mu flux available).
sclsvrServer - sclsvr - Test  - Cousin magnitudes: I = 0.000, J = 0.000, H = 0.000, K = 0.000
sclsvrServer -    alx - Test  - GLon/dist/Av = 67.072 / 0.046 / 0.000
sclsvrServer - sclsvr - Test  - sclsvrCALIBRATOR::ComputeMissingMagnitude()
sclsvrServer - sclsvr - Test  - Initial magnitudes:   B = 0.000 (NO), V = 4.210 (HIGH), R = 0.000 (NO), I = 0.000 (NO), J = 0.000 (NO), H = 0.000 (NO), K = 0.000 (NO), L = 0.000 (NO), M = 0.000 (NO)
sclsvrServer -    alx - Test  - Corrected magnitudes: B = 0.000 (NO), V = 4.210 (HIGH), R = 0.000 (NO), I = 0.000 (NO), J = 0.000 (NO), H = 0.000 (NO), K = 0.000 (NO), L = 0.000 (NO), M = 0.000 (NO)  with  av=0.00
sclsvrServer -    alx - Test  - B and V mag are not set; could not compute missing magnitudes
sclsvrServer -    alx - Test  - Apparent magnitudes: B = 0.000, V = 4.210, R = 0.000, I = 0.000, J = 0.000, H = 0.000, K = 0.000, L = 0.000, M = 0.000
sclsvrServer - sclsvr - Test  - Johnson magnitudes: I = 0.000, J = 0.000, H = 0.000, K = 0.000
sclsvrServer -    alx - Test  - Diam = 2.112 (0.099) - base = 102.5 - wlen= 11.630
sclsvrServer -    alx - Test  - V(dV), V2(dV2) = 0.989994 (0.000936), 0.980087 (0.001853)
sclsvrServer -    alx - Test  - Diam = 2.112 (0.099) - base = 102.5 - wlen= 8.000
sclsvrServer -    alx - Test  - V(dV), V2(dV2) = 0.978931 (0.001963), 0.958307 (0.003843)
sclsvrServer -    alx - Test  - Diam = 2.112 (0.099) - base = 102.5 - wlen= 13.000
sclsvrServer -    alx - Test  - V(dV), V2(dV2) = 0.991986 (0.000750), 0.984037 (0.001488)
sclsvrServer - sclsvr - Test  - Compute UD - Skipping (LD unknown).
sclsvrServer - sclsvr - Test  - ----- Complete: star 'HD 219615'
sclsvrServer - sclsvr - Test  - parallax 24.92(0.89) is OK...
sclsvrServer -    alx - Test  - Parsed spectral type = 'G9III' - Our spectral type = 'G9.0III' : Code = 'G', Sub-type Quantity = '9.00', Luminosity Class = 'III', Is Double  = 'NO', Is Spectral Binary = 'NO', Is Variable = 'NO'
sclsvrServer -    alx - Test  - Type of star = GIANT
sclsvrServer -    alx - Test  - RA/DEC - GLat/GLong = -0.186900 / 0.057287 radians - -52.026 / 82.481 degrees
sclsvrServer - sclsvr - Test  - IR Fluxes: Skipping (no 9 mu or 18 mu flux available).
sclsvrServer - sclsvr - Test  - Cousin magnitudes: I = 0.000, J = 0.000, H = 0.000, K = 0.000
sclsvrServer -    alx - Test  - GLon/dist/Av = 82.481 / 0.040 / 0.000
sclsvrServer - sclsvr - Test  - sclsvrCALIBRATOR::ComputeMissingMagnitude()
sclsvrServer - sclsvr - Test  - Initial magnitudes:   B = 0.000 (NO), V = 3.690 (HIGH), R = 0.000 (NO), I = 0.000 (NO), J = 0.000 (NO), H = 0.000 (NO), K = 0.000 (NO), L = 0.000 (NO), M = 0.000 (NO)
sclsvrServer -    alx - Test  - Corrected magnitudes: B = 0.000 (NO), V = 3.690 (HIGH), R = 0.000 (NO), I = 0.000 (NO), J = 0.000 (NO), H = 0.000 (NO), K = 0.000 (NO), L = 0.000 (NO), M = 0.000 (NO)  with  av=0.00
sclsvrServer -    alx - Test  - B and V mag are not set; could not compute missing magnitudes
sclsvrServer -    alx - Test  - Apparent magnitudes: B = 0.000, V = 3.690, R = 0.000, I = 0.000, J = 0.000, H = 0.000, K = 0.000, L = 0.000, M = 0.000
sclsvrServer - sclsvr - Test  - Johnson magnitudes: I = 0.000, J = 0.000, H = 0.000, K = 0.000
sclsvrServer -    alx - Test  - Diam = 2.335 (0.119) - base = 102.5 - wlen= 11.630
sclsvrServer -    alx - Test  - V(dV), V2(dV2) = 0.987783 (0.001244), 0.975715 (0.002458)
sclsvrServer -    alx - Test  - Diam = 2.335 (0.119) - base = 102.5 - wlen= 8.000
sclsvrServer -    alx - Test  - V(dV), V2(dV2) = 0.974298 (0.002605), 0.949257 (0.005076)
sclsvrServer -    alx - Test  - Diam = 2.335 (0.119) - base = 102.5 - wlen= 13.000
sclsvrServer -    alx - Test  - V(dV), V2(dV2) = 0.990214 (0.000997), 0.980524 (0.001975)
sclsvrServer - sclsvr - Test  - Compute UD - Skipping (LD unknown).
sclsvrServer - sclsvr - Test  - ----- Complete: star 'HD 220009'
sclsvrServer - sclsvr - Test  - parallax 9.56(0.95) is OK...
sclsvrServer -    alx - Test  - Parsed spectral type = 'K2III' - Our spectral type = 'K2.0III' : Code = 'K', Sub-type Quantity = '2.00', Luminosity Class = 'III', Is Double  = 'NO', Is Spectral Binary = 'NO', Is Variable = 'NO'
sclsvrServer -    alx - Test  - Type of star = GIANT
sclsvrServer -    alx - Test  - RA/DEC - GLat/GLong = -0.173036 / 0.093922 radians - -50.733 / 85.420 degrees
sclsvrServer - sclsvr - Test  - IR Fluxes: Skipping (no 9 mu or 18 mu flux available).
sclsvrServer - sclsvr - Test  - Cousin magnitudes: I = 0.000, J = 0.000, H = 0.000, K = 0.000
sclsvrServer -    alx - Test  - GLon/dist/Av = 85.420 / 0.105 / 0.000
sclsvrServer - sclsvr - Test  - sclsvrCALIBRATOR::ComputeMissingMagnitude()
sclsvrServer - sclsvr - Test  - Initial magnitudes:   B = 0.000 (NO), V = 5.077 (HIGH), R = 0.000 (NO), I = 0.000 (NO), J = 0.000 (NO), H = 0.000 (NO), K = 0.000 (NO), L = 0.000 (NO), M = 0.000 (NO)
sclsvrServer -    alx - Test  - Corrected magnitudes: B = 0.000 (NO), V = 5.077 (HIGH), R = 0.000 (NO), I = 0.000 (NO), J = 0.000 (NO), H = 0.000 (NO), K = 0.000 (NO), L = 0.000 (NO), M = 0.000 (NO)  with  av=0.00
sclsvrServer -    alx - Test  - B and V mag are not set; could not compute missing magnitudes
sclsvrServer -    alx - Test  - Apparent magnitudes: B = 0.000, V = 5.077, R = 0.000, I = 0.000, J = 0.000, H = 0.000, K = 0.000, L = 0.000, M = 0.000
sclsvrServer - sclsvr - Test  - Johnson magnitudes: I = 0.000, J = 0.000, H = 0.000, K = 0.000
sclsvrServer -    alx - Test  - Diam = 1.858 (0.149) - base = 102.5 - wlen= 11.630
sclsvrServer -    alx - Test  - V(dV), V2(dV2) = 0.992252 (0.001243), 0.984563 (0.002466)
sclsvrServer -    alx - Test  - Diam = 1.858 (0.149) - base = 102.5 - wlen= 8.000
sclsvrServer -    alx - Test  - V(dV), V2(dV2) = 0.983672 (0.002611), 0.967611 (0.005137)
sclsvrServer -    alx - Test  - Diam = 1.858 (0.149) - base = 102.5 - wlen= 13.000
sclsvrServer -    alx - Test  - V(dV), V2(dV2) = 0.993796 (0.000995), 0.987630 (0.001979)
sclsvrServer - sclsvr - Test  - Compute UD - Skipping (LD unknown).
sclsvrServer -   vobs - Info  - Sort: start
sclsvrServer -   vobs - Info  - Sort: done.
sclsvrServer - sclsvr - Test  - Complete(): done [12 stars]
sclsvrServer -   vobs - Test  - GetVotable: size = 131479 bytes / capacity = 151592 bytes
